Component: ARM Compiler 5.06 update 5 (build 528) Tool: armlink [4d35e2]

==============================================================================

Section Cross References

    startup_stm32f407xx.o(RESET) refers to startup_stm32f407xx.o(STACK) for __initial_sp
    startup_stm32f407xx.o(RESET) refers to startup_stm32f407xx.o(.text) for Reset_Handler
    startup_stm32f407xx.o(RESET) refers to stm32f4xx_it.o(i.NMI_Handler) for NMI_Handler
    startup_stm32f407xx.o(RESET) refers to stm32f4xx_it.o(i.HardFault_Handler) for HardFault_Handler
    startup_stm32f407xx.o(RESET) refers to stm32f4xx_it.o(i.MemManage_Handler) for MemManage_Handler
    startup_stm32f407xx.o(RESET) refers to stm32f4xx_it.o(i.BusFault_Handler) for BusFault_Handler
    startup_stm32f407xx.o(RESET) refers to stm32f4xx_it.o(i.UsageFault_Handler) for UsageFault_Handler
    startup_stm32f407xx.o(RESET) refers to stm32f4xx_it.o(i.SVC_Handler) for SVC_Handler
    startup_stm32f407xx.o(RESET) refers to stm32f4xx_it.o(i.DebugMon_Handler) for DebugMon_Handler
    startup_stm32f407xx.o(RESET) refers to stm32f4xx_it.o(i.PendSV_Handler) for PendSV_Handler
    startup_stm32f407xx.o(RESET) refers to stm32f4xx_it.o(i.SysTick_Handler) for SysTick_Handler
    startup_stm32f407xx.o(RESET) refers to stm32f4xx_it.o(i.TIM2_IRQHandler) for TIM2_IRQHandler
    startup_stm32f407xx.o(RESET) refers to stm32f4xx_it.o(i.TIM3_IRQHandler) for TIM3_IRQHandler
    startup_stm32f407xx.o(RESET) refers to stm32f4xx_it.o(i.TIM4_IRQHandler) for TIM4_IRQHandler
    startup_stm32f407xx.o(RESET) refers to stm32f4xx_it.o(i.USART1_IRQHandler) for USART1_IRQHandler
    startup_stm32f407xx.o(RESET) refers to stm32f4xx_it.o(i.USART2_IRQHandler) for USART2_IRQHandler
    startup_stm32f407xx.o(RESET) refers to stm32f4xx_it.o(i.USART3_IRQHandler) for USART3_IRQHandler
    startup_stm32f407xx.o(RESET) refers to stm32f4xx_it.o(i.TIM5_IRQHandler) for TIM5_IRQHandler
    startup_stm32f407xx.o(RESET) refers to stm32f4xx_it.o(i.UART4_IRQHandler) for UART4_IRQHandler
    startup_stm32f407xx.o(RESET) refers to stm32f4xx_it.o(i.UART5_IRQHandler) for UART5_IRQHandler
    startup_stm32f407xx.o(RESET) refers to stm32f4xx_it.o(i.TIM7_IRQHandler) for TIM7_IRQHandler
    startup_stm32f407xx.o(RESET) refers to stm32f4xx_it.o(i.DMA2_Stream2_IRQHandler) for DMA2_Stream2_IRQHandler
    startup_stm32f407xx.o(RESET) refers to stm32f4xx_it.o(i.DMA2_Stream7_IRQHandler) for DMA2_Stream7_IRQHandler
    startup_stm32f407xx.o(.text) refers to system_stm32f4xx.o(i.SystemInit) for SystemInit
    startup_stm32f407xx.o(.text) refers to entry.o(.ARM.Collect$$$$00000000) for __main
    oled.o(i.OLED_Clear) refers to oled.o(i.OLED_WR_CMD) for OLED_WR_CMD
    oled.o(i.OLED_Clear) refers to oled.o(i.OLED_WR_DATA) for OLED_WR_DATA
    oled.o(i.OLED_Display_Off) refers to oled.o(i.OLED_WR_CMD) for OLED_WR_CMD
    oled.o(i.OLED_Display_On) refers to oled.o(i.OLED_WR_CMD) for OLED_WR_CMD
    oled.o(i.OLED_Init) refers to stm32f4xx_hal.o(i.HAL_Delay) for HAL_Delay
    oled.o(i.OLED_Init) refers to oled.o(i.WriteCmd) for WriteCmd
    oled.o(i.OLED_On) refers to oled.o(i.OLED_WR_CMD) for OLED_WR_CMD
    oled.o(i.OLED_On) refers to oled.o(i.OLED_WR_DATA) for OLED_WR_DATA
    oled.o(i.OLED_Set_Pos) refers to oled.o(i.OLED_WR_CMD) for OLED_WR_CMD
    oled.o(i.OLED_ShowCHinese) refers to oled.o(i.OLED_Set_Pos) for OLED_Set_Pos
    oled.o(i.OLED_ShowCHinese) refers to oled.o(i.OLED_WR_DATA) for OLED_WR_DATA
    oled.o(i.OLED_ShowCHinese) refers to oled.o(.constdata) for .constdata
    oled.o(i.OLED_ShowChar) refers to oled.o(i.OLED_Set_Pos) for OLED_Set_Pos
    oled.o(i.OLED_ShowChar) refers to oled.o(i.OLED_WR_DATA) for OLED_WR_DATA
    oled.o(i.OLED_ShowChar) refers to oled.o(.constdata) for .constdata
    oled.o(i.OLED_ShowNum) refers to oled.o(i.oled_pow) for oled_pow
    oled.o(i.OLED_ShowNum) refers to oled.o(i.OLED_ShowChar) for OLED_ShowChar
    oled.o(i.OLED_ShowString) refers to oled.o(i.OLED_ShowChar) for OLED_ShowChar
    oled.o(i.OLED_WR_CMD) refers to stm32f4xx_hal_i2c.o(i.HAL_I2C_Mem_Write) for HAL_I2C_Mem_Write
    oled.o(i.OLED_WR_CMD) refers to i2c.o(.bss) for hi2c1
    oled.o(i.OLED_WR_DATA) refers to stm32f4xx_hal_i2c.o(i.HAL_I2C_Mem_Write) for HAL_I2C_Mem_Write
    oled.o(i.OLED_WR_DATA) refers to i2c.o(.bss) for hi2c1
    oled.o(i.WriteCmd) refers to stm32f4xx_hal_i2c.o(i.HAL_I2C_Mem_Write) for HAL_I2C_Mem_Write
    oled.o(i.WriteCmd) refers to oled.o(.data) for .data
    oled.o(i.WriteCmd) refers to i2c.o(.bss) for hi2c1
    system_stm32f4xx.o(i.SystemCoreClockUpdate) refers to system_stm32f4xx.o(.data) for .data
    system_stm32f4xx.o(i.SystemCoreClockUpdate) refers to system_stm32f4xx.o(.constdata) for .constdata
    control.o(i.Angle_PID) refers to control.o(i.angle_difference) for angle_difference
    control.o(i.Angle_PID) refers to main.o(.data) for angle_Kp
    control.o(i.Angle_PID) refers to main.o(.data) for angle_Kd
    control.o(i.Angle_PID) refers to control.o(.data) for .data
[...]
    .text                                    0x080005e6   Section        0  dfixul.o(.text)
    .text                                    0x08000618   Section       48  cdrcmple.o(.text)
    .text                                    0x08000648   Section       36  init.o(.text)
    .text                                    0x0800066c   Section        0  llsshr.o(.text)
    .text                                    0x08000690   Section        0  depilogue.o(.text)
    i.ABS                                    0x0800074a   Section        0  control.o(i.ABS)
    i.ADC_Init                               0x08000754   Section        0  stm32f4xx_hal_adc.o(i.ADC_Init)
    ADC_Init                                 0x08000755   Thumb Code   284  stm32f4xx_hal_adc.o(i.ADC_Init)
    i.Angle_PID                              0x0800087c   Section        0  control.o(i.Angle_PID)
    i.BusFault_Handler                       0x080008d0   Section        0  stm32f4xx_it.o(i.BusFault_Handler)
    i.DMA2_Stream2_IRQHandler                0x080008d4   Section        0  stm32f4xx_it.o(i.DMA2_Stream2_IRQHandler)
    i.DMA2_Stream7_IRQHandler                0x080008e0   Section        0  stm32f4xx_it.o(i.DMA2_Stream7_IRQHandler)
    i.DMA_CalcBaseAndBitshift                0x080008ec   Section        0  stm32f4xx_hal_dma.o(i.DMA_CalcBaseAndBitshift)
    DMA_CalcBaseAndBitshift                  0x080008ed   Thumb Code    34  stm32f4xx_hal_dma.o(i.DMA_CalcBaseAndBitshift)
    i.DMA_CheckFifoParam                     0x08000914   Section        0  stm32f4xx_hal_dma.o(i.DMA_CheckFifoParam)
    DMA_CheckFifoParam                       0x08000915   Thumb Code    84  stm32f4xx_hal_dma.o(i.DMA_CheckFifoParam)
    i.DebugMon_Handler                       0x08000968   Section        0  stm32f4xx_it.o(i.DebugMon_Handler)
    i.Error_Handler                          0x0800096a   Section        0  main.o(i.Error_Handler)
    i.HAL_ADC_ConfigChannel                  0x08000970   Section        0  stm32f4xx_hal_adc.o(i.HAL_ADC_ConfigChannel)
    i.HAL_ADC_Init                           0x08000abc   Section        0  stm32f4xx_hal_adc.o(i.HAL_ADC_Init)
    i.HAL_ADC_MspInit                        0x08000b10   Section        0  adc.o(i.HAL_ADC_MspInit)
    i.HAL_DMA_Abort                          0x08000b70   Section        0  stm32f4xx_hal_dma.o(i.HAL_DMA_Abort)
    i.HAL_DMA_Abort_IT                       0x08000c02   Section        0  stm32f4xx_hal_dma.o(i.HAL_DMA_Abort_IT)
    i.HAL_DMA_IRQHandler                     0x08000c28   Section        0  stm32f4xx_hal_dma.o(i.HAL_DMA_IRQHandler)
    i.HAL_DMA_Init                           0x08000dc8   Section        0  stm32f4xx_hal_dma.o(i.HAL_DMA_Init)
    i.HAL_Delay                              0x08000e9c   Section        0  stm32f4xx_hal.o(i.HAL_Delay)
    i.HAL_GPIO_Init                          0x08000ec0   Section        0  stm32f4xx_hal_gpio.o(i.HAL_GPIO_Init)
    i.HAL_GPIO_WritePin                      0x080010b0   Section        0  stm32f4xx_hal_gpio.o(i.HAL_GPIO_WritePin)
    i.HAL_GetTick                            0x080010bc   Section        0  stm32f4xx_hal.o(i.HAL_GetTick)
    i.HAL_I2C_Init                           0x080010c8   Section        0  stm32f4xx_hal_i2c.o(i.HAL_I2C_Init)
    i.HAL_I2C_Mem_Write                      0x08001250   Section        0  stm32f4xx_hal_i2c.o(i.HAL_I2C_Mem_Write)
    i.HAL_I2C_MspInit                        0x08001380   Section        0  i2c.o(i.HAL_I2C_MspInit)
    i.HAL_IncTick                            0x08001498   Section        0  stm32f4xx_hal.o(i.HAL_IncTick)
    i.HAL_Init                               0x080014a8   Section        0  stm32f4xx_hal.o(i.HAL_Init)
    i.HAL_InitTick                           0x080014dc   Section        0  stm32f4xx_hal.o(i.HAL_InitTick)
    i.HAL_MspInit                            0x0800151c   Section        0  stm32f4xx_hal_msp.o(i.HAL_MspInit)
    i.HAL_NVIC_EnableIRQ                     0x0800154c   Section        0  stm32f4xx_hal_cortex.o(i.HAL_NVIC_EnableIRQ)
    i.HAL_NVIC_SetPriority                   0x08001568   Section        0  stm32f4xx_hal_cortex.o(i.HAL_NVIC_SetPriority)
    i.HAL_NVIC_SetPriorityGrouping           0x080015a8   Section        0  stm32f4xx_hal_cortex.o(i.HAL_NVIC_SetPriorityGrouping)
    i.HAL_RCC_ClockConfig                    0x080015cc   Section        0  stm32f4xx_hal_rcc.o(i.HAL_RCC_ClockConfig)
    i.HAL_RCC_GetPCLK1Freq                   0x08001700   Section        0  stm32f4xx_hal_rcc.o(i.HAL_RCC_GetPCLK1Freq)
    i.HAL_RCC_GetPCLK2Freq                   0x08001720   Section        0  stm32f4xx_hal_rcc.o(i.HAL_RCC_GetPCLK2Freq)
    i.HAL_RCC_GetSysClockFreq                0x08001740   Section        0  stm32f4xx_hal_rcc.o(i.HAL_RCC_GetSysClockFreq)
    i.HAL_RCC_OscConfig                      0x080017a4   Section        0  stm32f4xx_hal_rcc.o(i.HAL_RCC_OscConfig)
    i.HAL_SYSTICK_Config                     0x08001b10   Section        0  stm32f4xx_hal_cortex.o(i.HAL_SYSTICK_Config)
    i.HAL_TIMEx_BreakCallback                0x08001b38   Section        0  stm32f4xx_hal_tim_ex.o(i.HAL_TIMEx_BreakCallback)
    i.HAL_TIMEx_CommutCallback               0x08001b3a   Section        0  stm32f4xx_hal_tim_ex.o(i.HAL_TIMEx_CommutCallback)
    i.HAL_TIMEx_MasterConfigSynchronization  0x08001b3c   Section        0  stm32f4xx_hal_tim_ex.o(i.HAL_TIMEx_MasterConfigSynchronization)
    i.HAL_TIM_Base_Init                      0x08001bcc   Section        0  stm32f4xx_hal_tim.o(i.HAL_TIM_Base_Init)
    i.HAL_TIM_Base_MspInit                   0x08001c28   Section        0  tim.o(i.HAL_TIM_Base_MspInit)
    i.HAL_TIM_ConfigClockSource              0x08001d6c   Section        0  stm32f4xx_hal_tim.o(i.HAL_TIM_ConfigClockSource)
    i.HAL_TIM_Encoder_Init                   0x08001e48   Section        0  stm32f4xx_hal_tim.o(i.HAL_TIM_Encoder_Init)
    i.HAL_TIM_Encoder_MspInit                0x08001eec   Section        0  tim.o(i.HAL_TIM_Encoder_MspInit)
    i.HAL_TIM_Encoder_Start                  0x08001fd0   Section        0  stm32f4xx_hal_tim.o(i.HAL_TIM_Encoder_Start)
    i.HAL_TIM_IC_CaptureCallback             0x0800205e   Section        0  stm32f4xx_hal_tim.o(i.HAL_TIM_IC_CaptureCallback)
    i.HAL_TIM_IC_ConfigChannel               0x08002060   Section        0  stm32f4xx_hal_tim.o(i.HAL_TIM_IC_ConfigChannel)
    i.HAL_TIM_IC_Init                        0x08002184   Section        0  stm32f4xx_hal_tim.o(i.HAL_TIM_IC_Init)
    i.HAL_TIM_IC_MspInit                     0x080021de   Section        0  stm32f4xx_hal_tim.o(i.HAL_TIM_IC_MspInit)
    i.HAL_TIM_IRQHandler                     0x080021e0   Section        0  stm32f4xx_hal_tim.o(i.HAL_TIM_IRQHandler)
    i.HAL_TIM_MspPostInit                    0x08002310   Section        0  tim.o(i.HAL_TIM_MspPostInit)
    i.HAL_TIM_OC_DelayElapsedCallback        0x080023e8   Section        0  stm32f4xx_hal_tim.o(i.HAL_TIM_OC_DelayElapsedCallback)
    i.HAL_TIM_PWM_ConfigChannel              0x080023ea   Section        0  stm32f4xx_hal_tim.o(i.HAL_TIM_PWM_ConfigChannel)
    i.HAL_TIM_PWM_Init                       0x080024b6   Section        0  stm32f4xx_hal_tim.o(i.HAL_TIM_PWM_Init)
    i.HAL_TIM_PWM_MspInit                    0x08002510   Section        0  stm32f4xx_hal_tim.o(i.HAL_TIM_PWM_MspInit)
    i.HAL_TIM_PWM_PulseFinishedCallback      0x08002512   Section        0  stm32f4xx_hal_tim.o(i.HAL_TIM_PWM_PulseFinishedCallback)
    i.HAL_TIM_PWM_Start                      0x08002514   Section        0  stm32f4xx_hal_tim.o(i.HAL_TIM_PWM_Start)
    i.HAL_TIM_PeriodElapsedCallback          0x080025dc   Section        0  stm32f4xx_hal_tim.o(i.HAL_TIM_PeriodElapsedCallback)
    i.HAL_TIM_TriggerCallback                0x080025de   Section        0  stm32f4xx_hal_tim.o(i.HAL_TIM_TriggerCallback)
    i.HAL_UARTEx_RxEventCallback             0x080025e0   Section        0  stm32f4xx_hal_uart.o(i.HAL_UARTEx_RxEventCallback)
    i.HAL_UART_ErrorCallback                 0x080025e2   Section        0  stm32f4xx_hal_uart.o(i.HAL_UART_ErrorCallback)
    i.HAL_UART_IRQHandler                    0x080025e4   Section        0  stm32f4xx_hal_uart.o(i.HAL_UART_IRQHandler)
    i.HAL_UART_Init                          0x08002864   Section        0  stm32f4xx_hal_uart.o(i.HAL_UART_Init)
    i.HAL_UART_MspInit                       0x080028c8   Section        0  usart.o(i.HAL_UART_MspInit)
    i.HAL_UART_Receive_IT                    0x08002b24   Section        0  stm32f4xx_hal_uart.o(i.HAL_UART_Receive_IT)
    i.HAL_UART_RxCpltCallback                0x08002b40   Section        0  usart.o(i.HAL_UART_RxCpltCallback)
    i.HAL_UART_Transmit                      0x08002b70   Section        0  stm32f4xx_hal_uart.o(i.HAL_UART_Transmit)
    i.HAL_UART_TxCpltCallback                0x08002c10   Section        0  stm32f4xx_hal_uart.o(i.HAL_UART_TxCpltCallback)
    i.HardFault_Handler                      0x08002c12   Section        0  stm32f4xx_it.o(i.HardFault_Handler)
    i.I2C_IsAcknowledgeFailed                0x08002c14   Section        0  stm32f4xx_hal_i2c.o(i.I2C_IsAcknowledgeFailed)
    I2C_IsAcknowledgeFailed                  0x08002c15   Thumb Code    46  stm32f4xx_hal_i2c.o(i.I2C_IsAcknowledgeFailed)
    i.I2C_RequestMemoryWrite                 0x08002c44   Section        0  stm32f4xx_hal_i2c.o(i.I2C_RequestMemoryWrite)
    I2C_RequestMemoryWrite                   0x08002c45   Thumb Code   162  stm32f4xx_hal_i2c.o(i.I2C_RequestMemoryWrite)
    i.I2C_WaitOnBTFFlagUntilTimeout          0x08002cec   Section        0  stm32f4xx_hal_i2c.o(i.I2C_WaitOnBTFFlagUntilTimeout)
    I2C_WaitOnBTFFlagUntilTimeout            0x08002ced   Thumb Code    86  stm32f4xx_hal_i2c.o(i.I2C_WaitOnBTFFlagUntilTimeout)
    i.I2C_WaitOnFlagUntilTimeout             0x08002d44   Section        0  stm32f4xx_hal_i2c.o(i.I2C_WaitOnFlagUntilTimeout)
    I2C_WaitOnFlagUntilTimeout               0x08002d45   Thumb Code   144  stm32f4xx_hal_i2c.o(i.I2C_WaitOnFlagUntilTimeout)
    i.I2C_WaitOnMasterAddressFlagUntilTimeout 0x08002dd4   Section        0  stm32f4xx_hal_i2c.o(i.I2C_WaitOnMasterAddressFlagUntilTimeout)
    I2C_WaitOnMasterAddressFlagUntilTimeout  0x08002dd5   Thumb Code   188  stm32f4xx_hal_i2c.o(i.I2C_WaitOnMasterAddressFlagUntilTimeout)
    i.I2C_WaitOnTXEFlagUntilTimeout          0x08002e90   Section        0  stm32f4xx_hal_i2c.o(i.I2C_WaitOnTXEFlagUntilTimeout)
    I2C_WaitOnTXEFlagUntilTimeout            0x08002e91   Thumb Code    86  stm32f4xx_hal_i2c.o(i.I2C_WaitOnTXEFlagUntilTimeout)
    i.MX_ADC3_Init                           0x08002ee8   Section        0  adc.o(i.MX_ADC3_Init)
    i.MX_DMA_Init                            0x08002f4c   Section        0  dma.o(i.MX_DMA_Init)
    i.MX_GPIO_Init                           0x08002f88   Section        0  gpio.o(i.MX_GPIO_Init)
    i.MX_I2C1_Init                           0x080030cc   Section        0  i2c.o(i.MX_I2C1_Init)
    i.MX_I2C2_Init                           0x0800310c   Section        0  i2c.o(i.MX_I2C2_Init)
    i.MX_I2C3_Init                           0x0800314c   Section        0  i2c.o(i.MX_I2C3_Init)
    i.MX_TIM1_Init                           0x0800318c   Section        0  tim.o(i.MX_TIM1_Init)
    i.MX_TIM2_Init                           0x08003234   Section        0  tim.o(i.MX_TIM2_Init)
    i.MX_TIM3_Init                           0x0800329c   Section        0  tim.o(i.MX_TIM3_Init)
    i.MX_TIM4_Init                           0x08003364   Section        0  tim.o(i.MX_TIM4_Init)
    i.MX_TIM5_Init                           0x0800342c   Section        0  tim.o(i.MX_TIM5_Init)
    i.MX_TIM6_Init                           0x08003494   Section        0  tim.o(i.MX_TIM6_Init)
    i.MX_TIM7_Init                           0x080034d8   Section        0  tim.o(i.MX_TIM7_Init)
    i.MX_TIM8_Init                           0x0800351c   Section        0  tim.o(i.MX_TIM8_Init)
    i.MX_TIM9_Init                           0x08003588   Section        0  tim.o(i.MX_TIM9_Init)
    i.MX_UART4_Init                          0x08003618   Section        0  usart.o(i.MX_UART4_Init)
    i.MX_UART5_Init                          0x08003650   Section        0  usart.o(i.MX_UART5_Init)
    i.MX_USART1_UART_Init                    0x08003688   Section        0  usart.o(i.MX_USART1_UART_Init)
    i.MX_USART2_UART_Init                    0x080036c0   Section        0  usart.o(i.MX_USART2_UART_Init)
    i.MX_USART3_UART_Init                    0x080036f8   Section        0  usart.o(i.MX_USART3_UART_Init)
    i.MemManage_Handler                      0x08003730   Section        0  stm32f4xx_it.o(i.MemManage_Handler)
    i.Motor_PI                               0x08003734   Section        0  control.o(i.Motor_PI)
    i.NMI_Handler                            0x080037f8   Section        0  stm32f4xx_it.o(i.NMI_Handler)
    i.OLED_Clear                             0x080037fa   Section        0  oled.o(i.OLED_Clear)
    i.OLED_Init                              0x0800382e   Section        0  oled.o(i.OLED_Init)
    i.OLED_Set_Pos                           0x0800383e   Section        0  oled.o(i.OLED_Set_Pos)
    i.OLED_ShowChar                          0x08003860   Section        0  oled.o(i.OLED_ShowChar)
    i.OLED_ShowString                        0x080038e8   Section        0  oled.o(i.OLED_ShowString)
    i.OLED_WR_CMD                            0x08003920   Section        0  oled.o(i.OLED_WR_CMD)
    i.OLED_WR_DATA                           0x08003944   Section        0  oled.o(i.OLED_WR_DATA)
    i.PendSV_Handler                         0x08003968   Section        0  stm32f4xx_it.o(i.PendSV_Handler)
    i.SVC_Handler                            0x0800396a   Section        0  stm32f4xx_it.o(i.SVC_Handler)
    i.SysTick_Handler                        0x0800396c   Section        0  stm32f4xx_it.o(i.SysTick_Handler)
    i.SystemClock_Config                     0x08003970   Section        0  main.o(i.SystemClock_Config)
    i.SystemInit                             0x08003a04   Section        0  system_stm32f4xx.o(i.SystemInit)
    i.TIM2_IRQHandler                        0x08003a14   Section        0  stm32f4xx_it.o(i.TIM2_IRQHandler)
    i.TIM3_IRQHandler                        0x08003a20   Section        0  stm32f4xx_it.o(i.TIM3_IRQHandler)
    i.TIM4_IRQHandler                        0x08003a2c   Section        0  stm32f4xx_it.o(i.TIM4_IRQHandler)
    i.TIM5_IRQHandler                        0x08003a38   Section        0  stm32f4xx_it.o(i.TIM5_IRQHandler)
    i.TIM7_IRQHandler                        0x08003af8   Section        0  stm32f4xx_it.o(i.TIM7_IRQHandler)
    i.TIM_Base_SetConfig                     0x08003b04   Section        0  stm32f4xx_hal_tim.o(i.TIM_Base_SetConfig)
    i.TIM_CCxChannelCmd                      0x08003bd4   Section        0  stm32f4xx_hal_tim.o(i.TIM_CCxChannelCmd)
    i.TIM_ETR_SetConfig                      0x08003bee   Section        0  stm32f4xx_hal_tim.o(i.TIM_ETR_SetConfig)
    i.TIM_ITRx_SetConfig                     0x08003c02   Section        0  stm32f4xx_hal_tim.o(i.TIM_ITRx_SetConfig)
    TIM_ITRx_SetConfig                       0x08003c03   Thumb Code    16  stm32f4xx_hal_tim.o(i.TIM_ITRx_SetConfig)
    i.TIM_OC1_SetConfig                      0x08003c14   Section        0  stm32f4xx_hal_tim.o(i.TIM_OC1_SetConfig)
    TIM_OC1_SetConfig                        0x08003c15   Thumb Code    88  stm32f4xx_hal_tim.o(i.TIM_OC1_SetConfig)
    i.TIM_OC2_SetConfig                      0x08003c74   Section        0  stm32f4xx_hal_tim.o(i.TIM_OC2_SetConfig)
    i.TIM_OC3_SetConfig                      0x08003ce0   Section        0  stm32f4xx_hal_tim.o(i.TIM_OC3_SetConfig)
    TIM_OC3_SetConfig                        0x08003ce1   Thumb Code    96  stm32f4xx_hal_tim.o(i.TIM_OC3_SetConfig)
    i.TIM_OC4_SetConfig                      0x08003d48   Section        0  stm32f4xx_hal_tim.o(i.TIM_OC4_SetConfig)
    TIM_OC4_SetConfig                        0x08003d49   Thumb Code    70  stm32f4xx_hal_tim.o(i.TIM_OC4_SetConfig)
    i.TIM_TI1_ConfigInputStage               0x08003d98   Section        0  stm32f4xx_hal_tim.o(i.TIM_TI1_ConfigInputStage)
    TIM_TI1_ConfigInputStage                 0x08003d99   Thumb Code    34  stm32f4xx_hal_tim.o(i.TIM_TI1_ConfigInputStage)
    i.TIM_TI1_SetConfig                      0x08003dbc   Section        0  stm32f4xx_hal_tim.o(i.TIM_TI1_SetConfig)
    i.TIM_TI2_ConfigInputStage               0x08003e3c   Section        0  stm32f4xx_hal_tim.o(i.TIM_TI2_ConfigInputStage)
    TIM_TI2_ConfigInputStage                 0x08003e3d   Thumb Code    36  stm32f4xx_hal_tim.o(i.TIM_TI2_ConfigInputStage)
    i.TIM_TI2_SetConfig                      0x08003e60   Section        0  stm32f4xx_hal_tim.o(i.TIM_TI2_SetConfig)
    TIM_TI2_SetConfig                        0x08003e61   Thumb Code    54  stm32f4xx_hal_tim.o(i.TIM_TI2_SetConfig)
    i.UART4_IRQHandler                       0x08003e98   Section        0  stm32f4xx_it.o(i.UART4_IRQHandler)
    i.UART5_IRQHandler                       0x08003f30   Section        0  stm32f4xx_it.o(i.UART5_IRQHandler)
    i.UART_DMAAbortOnError                   0x08003f3c   Section        0  stm32f4xx_hal_uart.o(i.UART_DMAAbortOnError)
    UART_DMAAbortOnError                     0x08003f3d   Thumb Code    14  stm32f4xx_hal_uart.o(i.UART_DMAAbortOnError)
    i.UART_EndRxTransfer                     0x08003f4a   Section        0  stm32f4xx_hal_uart.o(i.UART_EndRxTransfer)
    UART_EndRxTransfer                       0x08003f4b   Thumb Code    78  stm32f4xx_hal_uart.o(i.UART_EndRxTransfer)
    i.UART_Receive_IT                        0x08003f98   Section        0  stm32f4xx_hal_uart.o(i.UART_Receive_IT)
    UART_Receive_IT                          0x08003f99   Thumb Code   194  stm32f4xx_hal_uart.o(i.UART_Receive_IT)
    i.UART_SetConfig                         0x0800405c   Section        0  stm32f4xx_hal_uart.o(i.UART_SetConfig)
    UART_SetConfig                           0x0800405d   Thumb Code   258  stm32f4xx_hal_uart.o(i.UART_SetConfig)
    i.UART_Start_Receive_IT                  0x08004168   Section        0  stm32f4xx_hal_uart.o(i.UART_Start_Receive_IT)
    i.UART_WaitOnFlagUntilTimeout            0x0800419e   Section        0  stm32f4xx_hal_uart.o(i.UART_WaitOnFlagUntilTimeout)
    UART_WaitOnFlagUntilTimeout              0x0800419f   Thumb Code   114  stm32f4xx_hal_uart.o(i.UART_WaitOnFlagUntilTimeout)
    i.USART1_IRQHandler                      0x08004210   Section        0  stm32f4xx_it.o(i.USART1_IRQHandler)
    i.USART2_IRQHandler                      0x08004340   Section        0  stm32f4xx_it.o(i.USART2_IRQHandler)
    i.USART3_IRQHandler                      0x0800434c   Section        0  stm32f4xx_it.o(i.USART3_IRQHandler)
    i.UsageFault_Handler                     0x08004358   Section        0  stm32f4xx_it.o(i.UsageFault_Handler)
    i.WriteCmd                               0x0800435c   Section        0  oled.o(i.WriteCmd)
    i.__0printf                              0x08004390   Section        0  printfa.o(i.__0printf)
    i.__NVIC_SetPriority                     0x080043b0   Section        0  stm32f4xx_hal_cortex.o(i.__NVIC_SetPriority)
    __NVIC_SetPriority                       0x080043b1   Thumb Code    32  stm32f4xx_hal_cortex.o(i.__NVIC_SetPriority)
    i.__scatterload_copy                     0x080043d0   Section       14  handlers.o(i.__scatterload_copy)
    i.__scatterload_null                     0x080043de   Section        2  handlers.o(i.__scatterload_null)
    i.__scatterload_zeroinit                 0x080043e0   Section       14  handlers.o(i.__scatterload_zeroinit)
    i._fp_digits                             0x080043f0   Section        0  printfa.o(i._fp_digits)
    _fp_digits                               0x080043f1   Thumb Code   366  printfa.o(i._fp_digits)
    i._printf_core                           0x08004574   Section        0  printfa.o(i._printf_core)
    _printf_core                             0x08004575   Thumb Code  1744  printfa.o(i._printf_core)
    i._printf_post_padding                   0x08004c50   Section        0  printfa.o(i._printf_post_padding)
    _printf_post_padding                     0x08004c51   Thumb Code    36  printfa.o(i._printf_post_padding)
    i._printf_pre_padding                    0x08004c74   Section        0  printfa.o(i._printf_pre_padding)
    _printf_pre_padding                      0x08004c75   Thumb Code    46  printfa.o(i._printf_pre_padding)
    i.angle_difference                       0x08004ca4   Section        0  control.o(i.angle_difference)
    i.bytes_to_float                         0x08004cd8   Section        0  main.o(i.bytes_to_float)
    i.fputc                                  0x08004cf0   Section        0  main.o(i.fputc)
    i.limit                                  0x08004d08   Section        0  control.o(i.limit)
    i.main                                   0x08004d34   Section        0  main.o(i.main)
    i.motor                                  0x08004ec4   Section        0  control.o(i.motor)
    i.motor_motion                           0x08004f44   Section        0  control.o(i.motor_motion)
    i.read                                   0x08004f78   Section        0  control.o(i.read)
    i.read_speed                             0x08004fbc   Section        0  control.o(i.read_speed)
    i.uart3_read_data                        0x08004fc8   Section        0  jy901s.o(i.uart3_read_data)
    .constdata                               0x080050b4   Section     2504  oled.o(.constdata)
    .constdata                               0x08005a7c   Section       16  system_stm32f4xx.o(.constdata)
    .constdata                               0x08005a8c   Section        8  system_stm32f4xx.o(.constdata)
    .constdata                               0x08005a94   Section        8  stm32f4xx_hal_dma.o(.constdata)
    flagBitshiftOffset                       0x08005a94   Data           8  stm32f4xx_hal_dma.o(.constdata)
    .data                                    0x20000000   Section       27  oled.o(.data)
    .data                                    0x2000001c   Section        4  system_stm32f4xx.o(.data)
    .data                                    0x20000020   Section       56  control.o(.data)
    a                                        0x20000030   Data           4  control.o(.data)
    Err_Last                                 0x20000034   Data           4  control.o(.data)
    Err_Current                              0x20000038   Data           4  control.o(.data)
    Act_Last                                 0x2000003c   Data           4  control.o(.data)
    Output_sum                               0x20000040   Data           4  control.o(.data)
    Dif_Last                                 0x20000044   Data           4  control.o(.data)
    err_last                                 0x20000050   Data           8  control.o(.data)
    .data                                    0x20000058   Section       84  jy901s.o(.data)
    ucRxCount                                0x20000059   Data           1  jy901s.o(.data)
    .data                                    0x200000ac   Section        1  main.o(.data)
    .data                                    0x200000ad   Section        1  main.o(.data)
    .data                                    0x200000b0   Section       24  main.o(.data)
    .data                                    0x200000c8   Section        4  main.o(.data)
    .data                                    0x200000cc   Section        4  main.o(.data)
    .data                                    0x200000d0   Section        4  main.o(.data)
    .data                                    0x200000d4   Section        4  main.o(.data)
    .data                                    0x200000d8   Section        4  main.o(.data)
    .data                                    0x200000dc   Section        4  main.o(.data)
    .data                                    0x200000e0   Section        4  main.o(.data)
    .data                                    0x200000e4   Section        1  main.o(.data)
    .data                                    0x200000e8   Section        4  main.o(.data)
    .data                                    0x200000ec   Section        8  main.o(.data)
    .data                                    0x200000f4   Section        1  usart.o(.data)
    .data                                    0x200000f8   Section       20  stm32f4xx_it.o(.data)
    .data                                    0x2000010c   Section       12  stm32f4xx_hal.o(.data)
    .data                                    0x20000118   Section        4  stdout.o(.data)
    .bss                                     0x2000011c   Section      512  jy901s.o(.bss)
    ucRxBuffer                               0x2000011c   Data         256  jy901s.o(.bss)
    .bss                                     0x2000031c   Section       72  adc.o(.bss)
    .bss                                     0x20000364   Section      252  i2c.o(.bss)
    .bss                                     0x20000460   Section      648  tim.o(.bss)
    .bss                                     0x200006e8   Section      552  usart.o(.bss)
    STACK                                    0x20000910   Section     1024  startup_stm32f407xx.o(STACK)

    Global Symbols

    Symbol Name                              Value     Ov Type        Size  Object(Section)

    BuildAttributes$$THM_ISAv4$E$P$D$K$B$S$7EM$VFPi3$EXTD16$VFPS$VFMA$PE$A:L22UL41UL21$X:L11$S22US41US21$IEEE1$IW$USESV6$~STKCKD$USESV7$~SHL$OSPACE$ROPI$EBA8$MICROLIB$REQ8$PRES8$EABIv2 0x00000000   Number         0  anon$$obj.o ABSOLUTE
    __ARM_use_no_argv                        0x00000000   Number         0  main.o ABSOLUTE
    _printf_a                                0x00000000   Number         0  stubs.o ABSOLUTE
    _printf_c                                0x00000000   Number         0  stubs.o ABSOLUTE
    _printf_charcount                        0x00000000   Number         0  stubs.o ABSOLUTE
    _printf_d                                0x00000000   Number         0  stubs.o ABSOLUTE
    _printf_e                                0x00000000   Number         0  stubs.o ABSOLUTE
    _printf_f                                0x00000000   Number         0  stubs.o ABSOLUTE
    _printf_flags                            0x00000000   Number         0  stubs.o ABSOLUTE
    _printf_fp_dec                           0x00000000   Number         0  stubs.o ABSOLUTE
    _printf_fp_hex                           0x00000000   Number         0  stubs.o ABSOLUTE
    _printf_g                                0x00000000   Number         0  stubs.o ABSOLUTE
    _printf_i                                0x00000000   Number         0  stubs.o ABSOLUTE
    _printf_int_dec                          0x00000000   Number         0  stubs.o ABSOLUTE
    _printf_l                                0x00000000   Number         0  stubs.o ABSOLUTE
    _printf_lc                               0x00000000   Number         0  stubs.o ABSOLUTE
    _printf_ll                               0x00000000   Number         0  stubs.o ABSOLUTE
    _printf_lld                              0x00000000   Number         0  stubs.o ABSOLUTE
    _printf_lli                              0x00000000   Number         0  stubs.o ABSOLUTE
    _printf_llo                              0x00000000   Number         0  stubs.o ABSOLUTE
    _printf_llu                              0x00000000   Number         0  stubs.o ABSOLUTE
    _printf_llx                              0x00000000   Number         0  stubs.o ABSOLUTE
    _printf_longlong_dec                     0x00000000   Number         0  stubs.o ABSOLUTE
    _printf_longlong_hex                     0x00000000   Number         0  stubs.o ABSOLUTE
    _printf_longlong_oct                     0x00000000   Number         0  stubs.o ABSOLUTE
    _printf_ls                               0x00000000   Number         0  stubs.o ABSOLUTE
    _printf_mbtowc                           0x00000000   Number         0  stubs.o ABSOLUTE
    _printf_n                                0x00000000   Number         0  stubs.o ABSOLUTE
    _printf_o                                0x00000000   Number         0  stubs.o ABSOLUTE
    _printf_p                                0x00000000   Number         0  stubs.o ABSOLUTE
    _printf_percent                          0x00000000   Number         0  stubs.o ABSOLUTE
    _printf_pre_padding                      0x00000000   Number         0  stubs.o ABSOLUTE
    _printf_return_value                     0x00000000   Number         0  stubs.o ABSOLUTE
    _printf_s                                0x00000000   Number         0  stubs.o ABSOLUTE
    _printf_sizespec                         0x00000000   Number         0  stubs.o ABSOLUTE
    _printf_str                              0x00000000   Number         0  stubs.o ABSOLUTE
    _printf_truncate_signed                  0x00000000   Number         0  stubs.o ABSOLUTE
    _printf_truncate_unsigned                0x00000000   Number         0  stubs.o ABSOLUTE
    _printf_u                                0x00000000   Number         0  stubs.o ABSOLUTE
    _printf_wc                               0x00000000   Number         0  stubs.o ABSOLUTE
    _printf_wctomb                           0x00000000   Number         0  stubs.o ABSOLUTE
    _printf_widthprec                        0x00000000   Number         0  stubs.o ABSOLUTE
    _printf_x                                0x00000000   Number         0  stubs.o ABSOLUTE
    __cpp_initialize__aeabi_                  - Undefined Weak Reference
    __cxa_finalize                            - Undefined Weak Reference
    __decompress                              - Undefined Weak Reference
    _clock_init                               - Undefined Weak Reference
    _microlib_exit                            - Undefined Weak Reference
    __Vectors_Size                           0x00000188   Number         0  startup_stm32f407xx.o ABSOLUTE
    __Vectors                                0x08000000   Data           4  startup_stm32f407xx.o(RESET)
    __Vectors_End                            0x08000188   Data           0  startup_stm32f407xx.o(RESET)
    __main                                   0x08000189   Thumb Code     0  entry.o(.ARM.Collect$$$$00000000)
    _main_stk                                0x08000189   Thumb Code     0  entry2.o(.ARM.Collect$$$$00000001)
    _main_scatterload                        0x0800018d   Thumb Code     0  entry5.o(.ARM.Collect$$$$00000004)
    __main_after_scatterload                 0x08000191   Thumb Code     0  entry5.o(.ARM.Collect$$$$00000004)
    _main_clock                              0x08000191   Thumb Code     0  entry7b.o(.ARM.Collect$$$$00000008)
    _main_cpp_init                           0x08000191   Thumb Code     0  entry8b.o(.ARM.Collect$$$$0000000A)
    _main_init                               0x08000191   Thumb Code     0  entry9a.o(.ARM.Collect$$$$0000000B)
    __rt_final_cpp                           0x08000199   Thumb Code     0  entry10a.o(.ARM.Collect$$$$0000000D)
    __rt_final_exit                          0x08000199   Thumb Code     0  entry11a.o(.ARM.Collect$$$$0000000F)
    Reset_Handler                            0x0800019d   Thumb Code     8  startup_stm32f407xx.o(.text)
    ADC_IRQHandler                           0x080001b7   Thumb Code     0  startup_stm32f407xx.o(.text)
    CAN1_RX0_IRQHandler                      0x080001b7   Thumb Code     0  startup_stm32f407xx.o(.text)
    CAN1_RX1_IRQHandler                      0x080001b7   Thumb Code     0  startup_stm32f407xx.o(.text)
    CAN1_SCE_IRQHandler                      0x080001b7   Thumb Code     0  startup_stm32f407xx.o(.text)
    CAN1_TX_IRQHandler                       0x080001b7   Thumb Code     0  startup_stm32f407xx.o(.text)
    CAN2_RX0_IRQHandler                      0x080001b7   Thumb Code     0  startup_stm32f407xx.o(.text)
    CAN2_RX1_IRQHandler                      0x080001b7   Thumb Code     0  startup_stm32f407xx.o(.text)
    CAN2_SCE_IRQHandler                      0x080001b7   Thumb Code     0  startup_stm32f407xx.o(.text)
    CAN2_TX_IRQHandler                       0x080001b7   Thumb Code     0  startup_stm32f407xx.o(.text)
    DCMI_IRQHandler                          0x080001b7   Thumb Code     0  startup_stm32f407xx.o(.text)
    DMA1_Stream0_IRQHandler                  0x080001b7   Thumb Code     0  startup_stm32f407xx.o(.text)
    DMA1_Stream1_IRQHandler                  0x080001b7   Thumb Code     0  startup_stm32f407xx.o(.text)
    DMA1_Stream2_IRQHandler                  0x080001b7   Thumb Code     0  startup_stm32f407xx.o(.text)
    DMA1_Stream3_IRQHandler                  0x080001b7   Thumb Code     0  startup_stm32f407xx.o(.text)
    DMA1_Stream4_IRQHandler                  0x080001b7   Thumb Code     0  startup_stm32f407xx.o(.text)
    DMA1_Stream5_IRQHandler                  0x080001b7   Thumb Code     0  startup_stm32f407xx.o(.text)
    DMA1_Stream6_IRQHandler                  0x080001b7   Thumb Code     0  startup_stm32f407xx.o(.text)
    DMA1_Stream7_IRQHandler                  0x080001b7   Thumb Code     0  startup_stm32f407xx.o(.text)
    DMA2_Stream0_IRQHandler                  0x080001b7   Thumb Code     0  startup_stm32f407xx.o(.text)
    DMA2_Stream1_IRQHandler                  0x080001b7   Thumb Code     0  startup_stm32f407xx.o(.text)
    DMA2_Stream3_IRQHandler                  0x080001b7   Thumb Code     0  startup_stm32f407xx.o(.text)
    DMA2_Stream4_IRQHandler                  0x080001b7   Thumb Code     0  startup_stm32f407xx.o(.text)
    DMA2_Stream5_IRQHandler                  0x080001b7   Thumb Code     0  startup_stm32f407xx.o(.text)
    DMA2_Stream6_IRQHandler                  0x080001b7   Thumb Code     0  startup_stm32f407xx.o(.text)
    ETH_IRQHandler                           0x080001b7   Thumb Code     0  startup_stm32f407xx.o(.text)
    ETH_WKUP_IRQHandler                      0x080001b7   Thumb Code     0  startup_stm32f407xx.o(.text)
    EXTI0_IRQHandler                         0x080001b7   Thumb Code     0  startup_stm32f407xx.o(.text)
    EXTI15_10_IRQHandler                     0x080001b7   Thumb Code     0  startup_stm32f407xx.o(.text)
    EXTI1_IRQHandler                         0x080001b7   Thumb Code     0  startup_stm32f407xx.o(.text)
    EXTI2_IRQHandler                         0x080001b7   Thumb Code     0  startup_stm32f407xx.o(.text)
    EXTI3_IRQHandler                         0x080001b7   Thumb Code     0  startup_stm32f407xx.o(.text)
    EXTI4_IRQHandler                         0x080001b7   Thumb Code     0  startup_stm32f407xx.o(.text)
    EXTI9_5_IRQHandler                       0x080001b7   Thumb Code     0  startup_stm32f407xx.o(.text)
    FLASH_IRQHandler                         0x080001b7   Thumb Code     0  startup_stm32f407xx.o(.text)
    FMC_IRQHandler                           0x080001b7   Thumb Code     0  startup_stm32f407xx.o(.text)
    FPU_IRQHandler                           0x080001b7   Thumb Code     0  startup_stm32f407xx.o(.text)
    HASH_RNG_IRQHandler                      0x080001b7   Thumb Code     0  startup_stm32f407xx.o(.text)
    I2C1_ER_IRQHandler                       0x080001b7   Thumb Code     0  startup_stm32f407xx.o(.text)
    I2C1_EV_IRQHandler                       0x080001b7   Thumb Code     0  startup_stm32f407xx.o(.text)
    I2C2_ER_IRQHandler                       0x080001b7   Thumb Code     0  startup_stm32f407xx.o(.text)
    I2C2_EV_IRQHandler                       0x080001b7   Thumb Code     0  startup_stm32f407xx.o(.text)
    I2C3_ER_IRQHandler                       0x080001b7   Thumb Code     0  startup_stm32f407xx.o(.text)
    I2C3_EV_IRQHandler                       0x080001b7   Thumb Code     0  startup_stm32f407xx.o(.text)
    OTG_FS_IRQHandler                        0x080001b7   Thumb Code     0  startup_stm32f407xx.o(.text)
    OTG_FS_WKUP_IRQHandler                   0x080001b7   Thumb Code     0  startup_stm32f407xx.o(.text)
    OTG_HS_EP1_IN_IRQHandler                 0x080001b7   Thumb Code     0  startup_stm32f407xx.o(.text)
    OTG_HS_EP1_OUT_IRQHandler                0x080001b7   Thumb Code     0  startup_stm32f407xx.o(.text)
    OTG_HS_IRQHandler                        0x080001b7   Thumb Code     0  startup_stm32f407xx.o(.text)
    OTG_HS_WKUP_IRQHandler                   0x080001b7   Thumb Code     0  startup_stm32f407xx.o(.text)
    PVD_IRQHandler                           0x080001b7   Thumb Code     0  startup_stm32f407xx.o(.text)
    RCC_IRQHandler                           0x080001b7   Thumb Code     0  startup_stm32f407xx.o(.text)
    RTC_Alarm_IRQHandler                     0x080001b7   Thumb Code     0  startup_stm32f407xx.o(.text)
    RTC_WKUP_IRQHandler                      0x080001b7   Thumb Code     0  startup_stm32f407xx.o(.text)
    SDIO_IRQHandler                          0x080001b7   Thumb Code     0  startup_stm32f407xx.o(.text)
    SPI1_IRQHandler                          0x080001b7   Thumb Code     0  startup_stm32f407xx.o(.text)
    SPI2_IRQHandler                          0x080001b7   Thumb Code     0  startup_stm32f407xx.o(.text)
    SPI3_IRQHandler                          0x080001b7   Thumb Code     0  startup_stm32f407xx.o(.text)
    TAMP_STAMP_IRQHandler                    0x080001b7   Thumb Code     0  startup_stm32f407xx.o(.text)
    TIM1_BRK_TIM9_IRQHandler                 0x080001b7   Thumb Code     0  startup_stm32f407xx.o(.text)
    TIM1_CC_IRQHandler                       0x080001b7   Thumb Code     0  startup_stm32f407xx.o(.text)
    TIM1_TRG_COM_TIM11_IRQHandler            0x080001b7   Thumb Code     0  startup_stm32f407xx.o(.text)
    TIM1_UP_TIM10_IRQHandler                 0x080001b7   Thumb Code     0  startup_stm32f407xx.o(.text)
    TIM6_DAC_IRQHandler                      0x080001b7   Thumb Code     0  startup_stm32f407xx.o(.text)
    TIM8_BRK_TIM12_IRQHandler                0x080001b7   Thumb Code     0  startup_stm32f407xx.o(.text)
    TIM8_CC_IRQHandler                       0x080001b7   Thumb Code     0  startup_stm32f407xx.o(.text)
    TIM8_TRG_COM_TIM14_IRQHandler            0x080001b7   Thumb Code     0  startup_stm32f407xx.o(.text)
    TIM8_UP_TIM13_IRQHandler                 0x080001b7   Thumb Code     0  startup_stm32f407xx.o(.text)
    USART6_IRQHandler                        0x080001b7   Thumb Code     0  startup_stm32f407xx.o(.text)
    WWDG_IRQHandler                          0x080001b7   Thumb Code     0  startup_stm32f407xx.o(.text)
    __aeabi_uldivmod                         0x080001c1   Thumb Code    98  uldiv.o(.text)
    __aeabi_memset                           0x08000223   Thumb Code    14  memseta.o(.text)
    __aeabi_memset4                          0x08000223   Thumb Code     0  memseta.o(.text)
    __aeabi_memset8                          0x08000223   Thumb Code     0  memseta.o(.text)
    __aeabi_memclr                           0x08000231   Thumb Code     4  memseta.o(.text)
    __aeabi_memclr4                          0x08000231   Thumb Code     0  memseta.o(.text)
    __aeabi_memclr8                          0x08000231   Thumb Code     0  memseta.o(.text)
    _memset$wrapper                          0x08000235   Thumb Code    18  memseta.o(.text)
    __aeabi_f2d                              0x08000247   Thumb Code    38  f2d.o(.text)
    __aeabi_uidiv                            0x0800026d   Thumb Code     0  uidiv.o(.text)
    __aeabi_uidivmod                         0x0800026d   Thumb Code    44  uidiv.o(.text)
    __aeabi_llsl                             0x08000299   Thumb Code    30  llshl.o(.text)
    _ll_shift_l                              0x08000299   Thumb Code     0  llshl.o(.text)
    __aeabi_llsr                             0x080002b7   Thumb Code    32  llushr.o(.text)
    _ll_ushift_r                             0x080002b7   Thumb Code     0  llushr.o(.text)
    __I$use$fp                               0x080002d7   Thumb Code     0  iusefp.o(.text)
    __aeabi_dadd                             0x080002d7   Thumb Code   322  dadd.o(.text)
    __aeabi_dsub                             0x08000419   Thumb Code     6  dadd.o(.text)
    __aeabi_drsub                            0x0800041f   Thumb Code     6  dadd.o(.text)
    __aeabi_dmul                             0x08000425   Thumb Code   228  dmul.o(.text)
    __aeabi_ddiv                             0x08000509   Thumb Code   222  ddiv.o(.text)
    __aeabi_d2ulz                            0x080005e7   Thumb Code    48  dfixul.o(.text)
    __aeabi_cdrcmple                         0x08000619   Thumb Code    48  cdrcmple.o(.text)
    __scatterload                            0x08000649   Thumb Code    28  init.o(.text)
    __scatterload_rt2                        0x08000649   Thumb Code     0  init.o(.text)
    __aeabi_lasr                             0x0800066d   Thumb Code    36  llsshr.o(.text)
    _ll_sshift_r                             0x0800066d   Thumb Code     0  llsshr.o(.text)
    _double_round                            0x08000691   Thumb Code    30  depilogue.o(.text)
    _double_epilogue                         0x080006af   Thumb Code   156  depilogue.o(.text)
    ABS                                      0x0800074b   Thumb Code     8  control.o(i.ABS)
    Angle_PID                                0x0800087d   Thumb Code    70  control.o(i.Angle_PID)
    BusFault_Handler                         0x080008d1   Thumb Code     2  stm32f4xx_it.o(i.BusFault_Handler)
    DMA2_Stream2_IRQHandler                  0x080008d5   Thumb Code     6  stm32f4xx_it.o(i.DMA2_Stream2_IRQHandler)
    DMA2_Stream7_IRQHandler                  0x080008e1   Thumb Code     6  stm32f4xx_it.o(i.DMA2_Stream7_IRQHandler)
    DebugMon_Handler                         0x08000969   Thumb Code     2  stm32f4xx_it.o(i.DebugMon_Handler)
    Error_Handler                            0x0800096b   Thumb Code     4  main.o(i.Error_Handler)
    HAL_ADC_ConfigChannel                    0x08000971   Thumb Code   316  stm32f4xx_hal_adc.o(i.HAL_ADC_ConfigChannel)
    HAL_ADC_Init                             0x08000abd   Thumb Code    84  stm32f4xx_hal_adc.o(i.HAL_ADC_Init)
    HAL_ADC_MspInit                          0x08000b11   Thumb Code    84  adc.o(i.HAL_ADC_MspInit)
    HAL_DMA_Abort                            0x08000b71   Thumb Code   146  stm32f4xx_hal_dma.o(i.HAL_DMA_Abort)
    HAL_DMA_Abort_IT                         0x08000c03   Thumb Code    36  stm32f4xx_hal_dma.o(i.HAL_DMA_Abort_IT)
    HAL_DMA_IRQHandler                       0x08000c29   Thumb Code   412  stm32f4xx_hal_dma.o(i.HAL_DMA_IRQHandler)
    HAL_DMA_Init                             0x08000dc9   Thumb Code   206  stm32f4xx_hal_dma.o(i.HAL_DMA_Init)
    HAL_Delay                                0x08000e9d   Thumb Code    32  stm32f4xx_hal.o(i.HAL_Delay)
    HAL_GPIO_Init                            0x08000ec1   Thumb Code   450  stm32f4xx_hal_gpio.o(i.HAL_GPIO_Init)
    HAL_GPIO_WritePin                        0x080010b1   Thumb Code    10  stm32f4xx_hal_gpio.o(i.HAL_GPIO_WritePin)
    HAL_GetTick                              0x080010bd   Thumb Code     6  stm32f4xx_hal.o(i.HAL_GetTick)
    HAL_I2C_Init                             0x080010c9   Thumb Code   376  stm32f4xx_hal_i2c.o(i.HAL_I2C_Init)
    HAL_I2C_Mem_Write                        0x08001251   Thumb Code   294  stm32f4xx_hal_i2c.o(i.HAL_I2C_Mem_Write)
    HAL_I2C_MspInit                          0x08001381   Thumb Code   246  i2c.o(i.HAL_I2C_MspInit)
    HAL_IncTick                              0x08001499   Thumb Code    12  stm32f4xx_hal.o(i.HAL_IncTick)
    HAL_Init                                 0x080014a9   Thumb Code    48  stm32f4xx_hal.o(i.HAL_Init)
    HAL_InitTick                             0x080014dd   Thumb Code    54  stm32f4xx_hal.o(i.HAL_InitTick)
    HAL_MspInit                              0x0800151d   Thumb Code    42  stm32f4xx_hal_msp.o(i.HAL_MspInit)
    HAL_NVIC_EnableIRQ                       0x0800154d   Thumb Code    26  stm32f4xx_hal_cortex.o(i.HAL_NVIC_EnableIRQ)
    HAL_NVIC_SetPriority                     0x08001569   Thumb Code    60  stm32f4xx_hal_cortex.o(i.HAL_NVIC_SetPriority)
    HAL_NVIC_SetPriorityGrouping             0x080015a9   Thumb Code    26  stm32f4xx_hal_cortex.o(i.HAL_NVIC_SetPriorityGrouping)
    HAL_RCC_ClockConfig                      0x080015cd   Thumb Code   288  stm32f4xx_hal_rcc.o(i.HAL_RCC_ClockConfig)
    HAL_RCC_GetPCLK1Freq                     0x08001701   Thumb Code    20  stm32f4xx_hal_rcc.o(i.HAL_RCC_GetPCLK1Freq)
    HAL_RCC_GetPCLK2Freq                     0x08001721   Thumb Code    20  stm32f4xx_hal_rcc.o(i.HAL_RCC_GetPCLK2Freq)
    HAL_RCC_GetSysClockFreq                  0x08001741   Thumb Code    88  stm32f4xx_hal_rcc.o(i.HAL_RCC_GetSysClockFreq)
    HAL_RCC_OscConfig                        0x080017a5   Thumb Code   856  stm32f4xx_hal_rcc.o(i.HAL_RCC_OscConfig)
    HAL_SYSTICK_Config                       0x08001b11   Thumb Code    40  stm32f4xx_hal_cortex.o(i.HAL_SYSTICK_Config)
    HAL_TIMEx_BreakCallback                  0x08001b39   Thumb Code     2  stm32f4xx_hal_tim_ex.o(i.HAL_TIMEx_BreakCallback)
    HAL_TIMEx_CommutCallback                 0x08001b3b   Thumb Code     2  stm32f4xx_hal_tim_ex.o(i.HAL_TIMEx_CommutCallback)
    HAL_TIMEx_MasterConfigSynchronization    0x08001b3d   Thumb Code   116  stm32f4xx_hal_tim_ex.o(i.HAL_TIMEx_MasterConfigSynchronization)
    HAL_TIM_Base_Init                        0x08001bcd   Thumb Code    90  stm32f4xx_hal_tim.o(i.HAL_TIM_Base_Init)
    HAL_TIM_Base_MspInit                     0x08001c29   Thumb Code   288  tim.o(i.HAL_TIM_Base_MspInit)
    HAL_TIM_ConfigClockSource                0x08001d6d   Thumb Code   220  stm32f4xx_hal_tim.o(i.HAL_TIM_ConfigClockSource)
    HAL_TIM_Encoder_Init                     0x08001e49   Thumb Code   164  stm32f4xx_hal_tim.o(i.HAL_TIM_Encoder_Init)
    HAL_TIM_Encoder_MspInit                  0x08001eed   Thumb Code   208  tim.o(i.HAL_TIM_Encoder_MspInit)
    HAL_TIM_Encoder_Start                    0x08001fd1   Thumb Code   142  stm32f4xx_hal_tim.o(i.HAL_TIM_Encoder_Start)
    HAL_TIM_IC_CaptureCallback               0x0800205f   Thumb Code     2  stm32f4xx_hal_tim.o(i.HAL_TIM_IC_CaptureCallback)
    HAL_TIM_IC_ConfigChannel                 0x08002061   Thumb Code   292  stm32f4xx_hal_tim.o(i.HAL_TIM_IC_ConfigChannel)
    HAL_TIM_IC_Init                          0x08002185   Thumb Code    90  stm32f4xx_hal_tim.o(i.HAL_TIM_IC_Init)
    HAL_TIM_IC_MspInit                       0x080021df   Thumb Code     2  stm32f4xx_hal_tim.o(i.HAL_TIM_IC_MspInit)
    HAL_TIM_IRQHandler                       0x080021e1   Thumb Code   304  stm32f4xx_hal_tim.o(i.HAL_TIM_IRQHandler)
    HAL_TIM_MspPostInit                      0x08002311   Thumb Code   184  tim.o(i.HAL_TIM_MspPostInit)
    HAL_TIM_OC_DelayElapsedCallback          0x080023e9   Thumb Code     2  stm32f4xx_hal_tim.o(i.HAL_TIM_OC_DelayElapsedCallback)
    HAL_TIM_PWM_ConfigChannel                0x080023eb   Thumb Code   204  stm32f4xx_hal_tim.o(i.HAL_TIM_PWM_ConfigChannel)
    HAL_TIM_PWM_Init                         0x080024b7   Thumb Code    90  stm32f4xx_hal_tim.o(i.HAL_TIM_PWM_Init)
    HAL_TIM_PWM_MspInit                      0x08002511   Thumb Code     2  stm32f4xx_hal_tim.o(i.HAL_TIM_PWM_MspInit)
    HAL_TIM_PWM_PulseFinishedCallback        0x08002513   Thumb Code     2  stm32f4xx_hal_tim.o(i.HAL_TIM_PWM_PulseFinishedCallback)
    HAL_TIM_PWM_Start                        0x08002515   Thumb Code   172  stm32f4xx_hal_tim.o(i.HAL_TIM_PWM_Start)
    HAL_TIM_PeriodElapsedCallback            0x080025dd   Thumb Code     2  stm32f4xx_hal_tim.o(i.HAL_TIM_PeriodElapsedCallback)
    HAL_TIM_TriggerCallback                  0x080025df   Thumb Code     2  stm32f4xx_hal_tim.o(i.HAL_TIM_TriggerCallback)
    HAL_UARTEx_RxEventCallback               0x080025e1   Thumb Code     2  stm32f4xx_hal_uart.o(i.HAL_UARTEx_RxEventCallback)
    HAL_UART_ErrorCallback                   0x080025e3   Thumb Code     2  stm32f4xx_hal_uart.o(i.HAL_UART_ErrorCallback)
    HAL_UART_IRQHandler                      0x080025e5   Thumb Code   636  stm32f4xx_hal_uart.o(i.HAL_UART_IRQHandler)
    HAL_UART_Init                            0x08002865   Thumb Code   100  stm32f4xx_hal_uart.o(i.HAL_UART_Init)
    HAL_UART_MspInit                         0x080028c9   Thumb Code   560  usart.o(i.HAL_UART_MspInit)
    HAL_UART_Receive_IT                      0x08002b25   Thumb Code    28  stm32f4xx_hal_uart.o(i.HAL_UART_Receive_IT)
    HAL_UART_RxCpltCallback                  0x08002b41   Thumb Code    34  usart.o(i.HAL_UART_RxCpltCallback)
    HAL_UART_Transmit                        0x08002b71   Thumb Code   160  stm32f4xx_hal_uart.o(i.HAL_UART_Transmit)
    HAL_UART_TxCpltCallback                  0x08002c11   Thumb Code     2  stm32f4xx_hal_uart.o(i.HAL_UART_TxCpltCallback)
    HardFault_Handler                        0x08002c13   Thumb Code     2  stm32f4xx_it.o(i.HardFault_Handler)
    MX_ADC3_Init                             0x08002ee9   Thumb Code    86  adc.o(i.MX_ADC3_Init)
    MX_DMA_Init                              0x08002f4d   Thumb Code    56  dma.o(i.MX_DMA_Init)
    MX_GPIO_Init                             0x08002f89   Thumb Code   302  gpio.o(i.MX_GPIO_Init)
    MX_I2C1_Init                             0x080030cd   Thumb Code    50  i2c.o(i.MX_I2C1_Init)
    MX_I2C2_Init                             0x0800310d   Thumb Code    50  i2c.o(i.MX_I2C2_Init)
    MX_I2C3_Init                             0x0800314d   Thumb Code    50  i2c.o(i.MX_I2C3_Init)
    MX_TIM1_Init                             0x0800318d   Thumb Code   160  tim.o(i.MX_TIM1_Init)
    MX_TIM2_Init                             0x08003235   Thumb Code    98  tim.o(i.MX_TIM2_Init)
    MX_TIM3_Init                             0x0800329d   Thumb Code   192  tim.o(i.MX_TIM3_Init)
    MX_TIM4_Init                             0x08003365   Thumb Code   190  tim.o(i.MX_TIM4_Init)
    MX_TIM5_Init                             0x0800342d   Thumb Code    94  tim.o(i.MX_TIM5_Init)
    MX_TIM6_Init                             0x08003495   Thumb Code    58  tim.o(i.MX_TIM6_Init)
    MX_TIM7_Init                             0x080034d9   Thumb Code    58  tim.o(i.MX_TIM7_Init)
    MX_TIM8_Init                             0x0800351d   Thumb Code    98  tim.o(i.MX_TIM8_Init)
    MX_TIM9_Init                             0x08003589   Thumb Code   136  tim.o(i.MX_TIM9_Init)
    MX_UART4_Init                            0x08003619   Thumb Code    48  usart.o(i.MX_UART4_Init)
    MX_UART5_Init                            0x08003651   Thumb Code    48  usart.o(i.MX_UART5_Init)
    MX_USART1_UART_Init                      0x08003689   Thumb Code    48  usart.o(i.MX_USART1_UART_Init)
    MX_USART2_UART_Init                      0x080036c1   Thumb Code    48  usart.o(i.MX_USART2_UART_Init)
    MX_USART3_UART_Init                      0x080036f9   Thumb Code    48  usart.o(i.MX_USART3_UART_Init)
    MemManage_Handler                        0x08003731   Thumb Code     2  stm32f4xx_it.o(i.MemManage_Handler)
    Motor_PI                                 0x08003735   Thumb Code   162  control.o(i.Motor_PI)
    NMI_Handler                              0x080037f9   Thumb Code     2  stm32f4xx_it.o(i.NMI_Handler)
    OLED_Clear                               0x080037fb   Thumb Code    52  oled.o(i.OLED_Clear)
    OLED_Init                                0x0800382f   Thumb Code    16  oled.o(i.OLED_Init)
    OLED_Set_Pos                             0x0800383f   Thumb Code    34  oled.o(i.OLED_Set_Pos)
    OLED_ShowChar                            0x08003861   Thumb Code   126  oled.o(i.OLED_ShowChar)
    OLED_ShowString                          0x080038e9   Thumb Code    54  oled.o(i.OLED_ShowString)
    OLED_WR_CMD                              0x08003921   Thumb Code    32  oled.o(i.OLED_WR_CMD)
    OLED_WR_DATA                             0x08003945   Thumb Code    32  oled.o(i.OLED_WR_DATA)
    PendSV_Handler                           0x08003969   Thumb Code     2  stm32f4xx_it.o(i.PendSV_Handler)
    SVC_Handler                              0x0800396b   Thumb Code     2  stm32f4xx_it.o(i.SVC_Handler)
    SysTick_Handler                          0x0800396d   Thumb Code     4  stm32f4xx_it.o(i.SysTick_Handler)
    SystemClock_Config                       0x08003971   Thumb Code   140  main.o(i.SystemClock_Config)
    SystemInit                               0x08003a05   Thumb Code    12  system_stm32f4xx.o(i.SystemInit)
    TIM2_IRQHandler                          0x08003a15   Thumb Code     6  stm32f4xx_it.o(i.TIM2_IRQHandler)
    TIM3_IRQHandler                          0x08003a21   Thumb Code     6  stm32f4xx_it.o(i.TIM3_IRQHandler)
    TIM4_IRQHandler                          0x08003a2d   Thumb Code     6  stm32f4xx_it.o(i.TIM4_IRQHandler)
    TIM5_IRQHandler                          0x08003a39   Thumb Code   174  stm32f4xx_it.o(i.TIM5_IRQHandler)
    TIM7_IRQHandler                          0x08003af9   Thumb Code     6  stm32f4xx_it.o(i.TIM7_IRQHandler)
    TIM_Base_SetConfig                       0x08003b05   Thumb Code   164  stm32f4xx_hal_tim.o(i.TIM_Base_SetConfig)
    TIM_CCxChannelCmd                        0x08003bd5   Thumb Code    26  stm32f4xx_hal_tim.o(i.TIM_CCxChannelCmd)
    TIM_ETR_SetConfig                        0x08003bef   Thumb Code    20  stm32f4xx_hal_tim.o(i.TIM_ETR_SetConfig)
    TIM_OC2_SetConfig                        0x08003c75   Thumb Code    98  stm32f4xx_hal_tim.o(i.TIM_OC2_SetConfig)
    TIM_TI1_SetConfig                        0x08003dbd   Thumb Code   100  stm32f4xx_hal_tim.o(i.TIM_TI1_SetConfig)
    UART4_IRQHandler                         0x08003e99   Thumb Code   124  stm32f4xx_it.o(i.UART4_IRQHandler)
    UART5_IRQHandler                         0x08003f31   Thumb Code     6  stm32f4xx_it.o(i.UART5_IRQHandler)
    UART_Start_Receive_IT                    0x08004169   Thumb Code    54  stm32f4xx_hal_uart.o(i.UART_Start_Receive_IT)
    USART1_IRQHandler                        0x08004211   Thumb Code   262  stm32f4xx_it.o(i.USART1_IRQHandler)
    USART2_IRQHandler                        0x08004341   Thumb Code     6  stm32f4xx_it.o(i.USART2_IRQHandler)
    USART3_IRQHandler                        0x0800434d   Thumb Code     6  stm32f4xx_it.o(i.USART3_IRQHandler)
    UsageFault_Handler                       0x08004359   Thumb Code     2  stm32f4xx_it.o(i.UsageFault_Handler)
    WriteCmd                                 0x0800435d   Thumb Code    42  oled.o(i.WriteCmd)
    __0printf                                0x08004391   Thumb Code    22  printfa.o(i.__0printf)
    __1printf                                0x08004391   Thumb Code     0  printfa.o(i.__0printf)
    __2printf                                0x08004391   Thumb Code     0  printfa.o(i.__0printf)
    __c89printf                              0x08004391   Thumb Code     0  printfa.o(i.__0printf)
    printf                                   0x08004391   Thumb Code     0  printfa.o(i.__0printf)
    __scatterload_copy                       0x080043d1   Thumb Code    14  handlers.o(i.__scatterload_copy)
    __scatterload_null                       0x080043df   Thumb Code     2  handlers.o(i.__scatterload_null)
    __scatterload_zeroinit                   0x080043e1   Thumb Code    14  handlers.o(i.__scatterload_zeroinit)
    angle_difference                         0x08004ca5   Thumb Code    40  control.o(i.angle_difference)
    bytes_to_float                           0x08004cd9   Thumb Code    24  main.o(i.bytes_to_float)
    fputc                                    0x08004cf1   Thumb Code    20  main.o(i.fputc)
    limit                                    0x08004d09   Thumb Code    42  control.o(i.limit)
    main                                     0x08004d35   Thumb Code   328  main.o(i.main)
    motor                                    0x08004ec5   Thumb Code   120  control.o(i.motor)
    motor_motion                             0x08004f45   Thumb Code    46  control.o(i.motor_motion)
    read                                     0x08004f79   Thumb Code    42  control.o(i.read)
    read_speed                               0x08004fbd   Thumb Code    12  control.o(i.read_speed)
    uart3_read_data                          0x08004fc9   Thumb Code   226  jy901s.o(i.uart3_read_data)
    F6x8                                     0x080050b4   Data         552  oled.o(.constdata)
    F8X16                                    0x080052dc   Data        1504  oled.o(.constdata)
    Hzk                                      0x080058bc   Data         448  oled.o(.constdata)
    AHBPrescTable                            0x08005a7c   Data          16  system_stm32f4xx.o(.constdata)
    APBPrescTable                            0x08005a8c   Data           8  system_stm32f4xx.o(.constdata)
    Region$$Table$$Base                      0x08005a9c   Number         0  anon$$obj.o(Region$$Table)
    Region$$Table$$Limit                     0x08005abc   Number         0  anon$$obj.o(Region$$Table)
    CMD_Data                                 0x20000000   Data          27  oled.o(.data)
    SystemCoreClock                          0x2000001c   Data           4  system_stm32f4xx.o(.data)
    sys_tick                                 0x20000020   Data           1  control.o(.data)
    cnt                                      0x20000024   Data           4  control.o(.data)
    angle_output_max                         0x20000028   Data           4  control.o(.data)
    angle_output_min                         0x2000002c   Data           4  control.o(.data)
    target_angle                             0x20000048   Data           4  control.o(.data)
    Out                                      0x2000004c   Data           4  control.o(.data)
    ucRxCount_1                              0x20000058   Data           1  jy901s.o(.data)
    stcTime                                  0x2000005a   Data           8  jy901s.o(.data)
    stcAcc                                   0x20000062   Data           8  jy901s.o(.data)
    stcGyro                                  0x2000006a   Data           8  jy901s.o(.data)
    stcAngle                                 0x20000072   Data           8  jy901s.o(.data)
    stcMag                                   0x2000007a   Data           8  jy901s.o(.data)
    stcDStatus                               0x20000082   Data           8  jy901s.o(.data)
    stcPress                                 0x2000008c   Data           8  jy901s.o(.data)
    stcLonLat                                0x20000094   Data           8  jy901s.o(.data)
    stcGPSV                                  0x2000009c   Data           8  jy901s.o(.data)
    stcQ                                     0x200000a4   Data           8  jy901s.o(.data)
    temp_state                               0x200000ac   Data           1  main.o(.data)
    car_state                                0x200000ad   Data           1  main.o(.data)
    err_state                                0x200000b0   Data           1  main.o(.data)
    Gz                                       0x200000b4   Data           4  main.o(.data)
    Yaw_z                                    0x200000b8   Data           4  main.o(.data)
    target_turn                              0x200000bc   Data           4  main.o(.data)
    recieve_buf                              0x200000c0   Data           8  main.o(.data)
    Velocity_Ki                              0x200000c8   Data           4  main.o(.data)
    Velocity_Kp                              0x200000cc   Data           4  main.o(.data)
    Velocity_Kd                              0x200000d0   Data           4  main.o(.data)
    angle_Kp                                 0x200000d4   Data           4  main.o(.data)
    angle_Kd                                 0x200000d8   Data           4  main.o(.data)
    Encoder_Left                             0x200000dc   Data           4  main.o(.data)
    Encoder_Right                            0x200000e0   Data           4  main.o(.data)
    target_num                               0x200000e4   Data           1  main.o(.data)
    target_V                                 0x200000e8   Data           4  main.o(.data)
    err_sum                                  0x200000ec   Data           8  main.o(.data)
    Rxdata                                   0x200000f4   Data           1  usart.o(.data)
    state1                                   0x200000f8   Data           1  stm32f4xx_it.o(.data)
    state2                                   0x200000f9   Data           1  stm32f4xx_it.o(.data)
    turn1                                    0x200000fa   Data           1  stm32f4xx_it.o(.data)
    turn2                                    0x200000fb   Data           1  stm32f4xx_it.o(.data)
    m1                                       0x200000fc   Data           4  stm32f4xx_it.o(.data)
    m2                                       0x20000100   Data           4  stm32f4xx_it.o(.data)
    cnt1                                     0x20000104   Data           4  stm32f4xx_it.o(.data)
    cnt2                                     0x20000108   Data           4  stm32f4xx_it.o(.data)
    uwTickFreq                               0x2000010c   Data           1  stm32f4xx_hal.o(.data)
    uwTickPrio                               0x20000110   Data           4  stm32f4xx_hal.o(.data)
    uwTick                                   0x20000114   Data           4  stm32f4xx_hal.o(.data)
    __stdout                                 0x20000118   Data           4  stdout.o(.data)
    ucRxBuffer_1                             0x2000021c   Data         256  jy901s.o(.bss)
    hadc3                                    0x2000031c   Data          72  adc.o(.bss)
    hi2c1                                    0x20000364   Data          84  i2c.o(.bss)
    hi2c2                                    0x200003b8   Data          84  i2c.o(.bss)
    hi2c3                                    0x2000040c   Data          84  i2c.o(.bss)
    htim1                                    0x20000460   Data          72  tim.o(.bss)
    htim2                                    0x200004a8   Data          72  tim.o(.bss)
    htim3                                    0x200004f0   Data          72  tim.o(.bss)
    htim4                                    0x20000538   Data          72  tim.o(.bss)
    htim5                                    0x20000580   Data          72  tim.o(.bss)
    htim6                                    0x200005c8   Data          72  tim.o(.bss)
    htim7                                    0x20000610   Data          72  tim.o(.bss)
    htim8                                    0x20000658   Data          72  tim.o(.bss)
    htim9                                    0x200006a0   Data          72  tim.o(.bss)
    huart4                                   0x200006e8   Data          72  usart.o(.bss)
    huart5                                   0x20000730   Data          72  usart.o(.bss)
    huart1                                   0x20000778   Data          72  usart.o(.bss)
    huart2                                   0x200007c0   Data          72  usart.o(.bss)
    huart3                                   0x20000808   Data          72  usart.o(.bss)
    hdma_usart1_rx                           0x20000850   Data          96  usart.o(.bss)
    hdma_usart1_tx                           0x200008b0   Data          96  usart.o(.bss)
    __initial_sp                             0x20000d10   Data           0  startup_stm32f407xx.o(STACK)



==============================================================================

Memory Map of the image

  Image Entry point : 0x08000189

  Load Region LR_IROM1 (Base: 0x08000000, Size: 0x00005bd8, Max: 0x00100000, ABSOLUTE)

    Execution Region ER_IROM1 (Exec base: 0x08000000, Load base: 0x08000000, Size: 0x00005abc, Max: 0x00100000, ABSOLUTE)

    Exec Addr    Load Addr    Size         Type   Attr      Idx    E Section Name        Object

    0x08000000   0x08000000   0x00000188   Data   RO            3    RESET               startup_stm32f407xx.o
    0x08000188   0x08000188   0x00000000   Code   RO         4493  * .ARM.Collect$$$$00000000  mc_w.l(entry.o)
    0x08000188   0x08000188   0x00000004   Code   RO         4763    .ARM.Collect$$$$00000001  mc_w.l(entry2.o)
    0x0800018c   0x0800018c   0x00000004   Code   RO         4766    .ARM.Collect$$$$00000004  mc_w.l(entry5.o)
    0x08000190   0x08000190   0x00000000   Code   RO         4768    .ARM.Collect$$$$00000008  mc_w.l(entry7b.o)
    0x08000190   0x08000190   0x00000000   Code   RO         4770    .ARM.Collect$$$$0000000A  mc_w.l(entry8b.o)
    0x08000190   0x08000190   0x00000008   Code   RO         4771    .ARM.Collect$$$$0000000B  mc_w.l(entry9a.o)
    0x08000198   0x08000198   0x00000000   Code   RO         4773    .ARM.Collect$$$$0000000D  mc_w.l(entry10a.o)
    0x08000198   0x08000198   0x00000000   Code   RO         4775    .ARM.Collect$$$$0000000F  mc_w.l(entry11a.o)
    0x08000198   0x08000198   0x00000004   Code   RO         4764    .ARM.Collect$$$$00002712  mc_w.l(entry2.o)
    0x0800019c   0x0800019c   0x00000024   Code   RO            4    .text               startup_stm32f407xx.o
    0x080001c0   0x080001c0   0x00000062   Code   RO         4496    .text               mc_w.l(uldiv.o)
    0x08000222   0x08000222   0x00000024   Code   RO         4498    .text               mc_w.l(memseta.o)
    0x08000246   0x08000246   0x00000026   Code   RO         4761    .text               mf_w.l(f2d.o)
    0x0800026c   0x0800026c   0x0000002c   Code   RO         4778    .text               mc_w.l(uidiv.o)
    0x08000298   0x08000298   0x0000001e   Code   RO         4780    .text               mc_w.l(llshl.o)
    0x080002b6   0x080002b6   0x00000020   Code   RO         4782    .text               mc_w.l(llushr.o)
    0x080002d6   0x080002d6   0x00000000   Code   RO         4784    .text               mc_w.l(iusefp.o)
    0x080002d6   0x080002d6   0x0000014e   Code   RO         4785    .text               mf_w.l(dadd.o)
    0x08000424   0x08000424   0x000000e4   Code   RO         4787    .text               mf_w.l(dmul.o)
    0x08000508   0x08000508   0x000000de   Code   RO         4789    .text               mf_w.l(ddiv.o)
    0x080005e6   0x080005e6   0x00000030   Code   RO         4791    .text               mf_w.l(dfixul.o)
    0x08000616   0x08000616   0x00000002   PAD
    0x08000618   0x08000618   0x00000030   Code   RO         4793    .text               mf_w.l(cdrcmple.o)
    0x08000648   0x08000648   0x00000024   Code   RO         4795    .text               mc_w.l(init.o)
    0x0800066c   0x0800066c   0x00000024   Code   RO         4797    .text               mc_w.l(llsshr.o)
    0x08000690   0x08000690   0x000000ba   Code   RO         4799    .text               mf_w.l(depilogue.o)
    0x0800074a   0x0800074a   0x00000008   Code   RO          375    i.ABS               control.o
    0x08000752   0x08000752   0x00000002   PAD
    0x08000754   0x08000754   0x00000128   Code   RO         1276    i.ADC_Init          stm32f4xx_hal_adc.o
    0x0800087c   0x0800087c   0x00000054   Code   RO          376    i.Angle_PID         control.o
    0x080008d0   0x080008d0   0x00000002   Code   RO         1091    i.BusFault_Handler  stm32f4xx_it.o
    0x080008d2   0x080008d2   0x00000002   PAD
    0x080008d4   0x080008d4   0x0000000c   Code   RO         1092    i.DMA2_Stream2_IRQHandler  stm32f4xx_it.o
    0x080008e0   0x080008e0   0x0000000c   Code   RO         1093    i.DMA2_Stream7_IRQHandler  stm32f4xx_it.o
    0x080008ec   0x080008ec   0x00000028   Code   RO         2014    i.DMA_CalcBaseAndBitshift  stm32f4xx_hal_dma.o
    0x08000914   0x08000914   0x00000054   Code   RO         2015    i.DMA_CheckFifoParam  stm32f4xx_hal_dma.o
    0x08000968   0x08000968   0x00000002   Code   RO         1094    i.DebugMon_Handler  stm32f4xx_it.o
    0x0800096a   0x0800096a   0x00000004   Code   RO          647    i.Error_Handler     main.o
    0x0800096e   0x0800096e   0x00000002   PAD
    0x08000970   0x08000970   0x0000014c   Code   RO         1278    i.HAL_ADC_ConfigChannel  stm32f4xx_hal_adc.o
    0x08000abc   0x08000abc   0x00000054   Code   RO         1287    i.HAL_ADC_Init      stm32f4xx_hal_adc.o
    0x08000b10   0x08000b10   0x00000060   Code   RO          791    i.HAL_ADC_MspInit   adc.o
    0x08000b70   0x08000b70   0x00000092   Code   RO         2017    i.HAL_DMA_Abort     stm32f4xx_hal_dma.o
    0x08000c02   0x08000c02   0x00000024   Code   RO         2018    i.HAL_DMA_Abort_IT  stm32f4xx_hal_dma.o
    0x08000c26   0x08000c26   0x00000002   PAD
    0x08000c28   0x08000c28   0x000001a0   Code   RO         2022    i.HAL_DMA_IRQHandler  stm32f4xx_hal_dma.o
    0x08000dc8   0x08000dc8   0x000000d4   Code   RO         2023    i.HAL_DMA_Init      stm32f4xx_hal_dma.o
    0x08000e9c   0x08000e9c   0x00000024   Code   RO         2454    i.HAL_Delay         stm32f4xx_hal.o
    0x08000ec0   0x08000ec0   0x000001f0   Code   RO         1910    i.HAL_GPIO_Init     stm32f4xx_hal_gpio.o
    0x080010b0   0x080010b0   0x0000000a   Code   RO         1914    i.HAL_GPIO_WritePin  stm32f4xx_hal_gpio.o
    0x080010ba   0x080010ba   0x00000002   PAD
    0x080010bc   0x080010bc   0x0000000c   Code   RO         2460    i.HAL_GetTick       stm32f4xx_hal.o
    0x080010c8   0x080010c8   0x00000188   Code   RO         2716    i.HAL_I2C_Init      stm32f4xx_hal_i2c.o
    0x08001250   0x08001250   0x00000130   Code   RO         2737    i.HAL_I2C_Mem_Write  stm32f4xx_hal_i2c.o
    0x08001380   0x08001380   0x00000118   Code   RO          857    i.HAL_I2C_MspInit   i2c.o
    0x08001498   0x08001498   0x00000010   Code   RO         2466    i.HAL_IncTick       stm32f4xx_hal.o
    0x080014a8   0x080014a8   0x00000034   Code   RO         2467    i.HAL_Init          stm32f4xx_hal.o
    0x080014dc   0x080014dc   0x00000040   Code   RO         2468    i.HAL_InitTick      stm32f4xx_hal.o
    0x0800151c   0x0800151c   0x00000030   Code   RO         1249    i.HAL_MspInit       stm32f4xx_hal_msp.o
    0x0800154c   0x0800154c   0x0000001a   Code   RO         2302    i.HAL_NVIC_EnableIRQ  stm32f4xx_hal_cortex.o
    0x08001566   0x08001566   0x00000002   PAD
    0x08001568   0x08001568   0x00000040   Code   RO         2308    i.HAL_NVIC_SetPriority  stm32f4xx_hal_cortex.o
    0x080015a8   0x080015a8   0x00000024   Code   RO         2309    i.HAL_NVIC_SetPriorityGrouping  stm32f4xx_hal_cortex.o
    0x080015cc   0x080015cc   0x00000134   Code   RO         1556    i.HAL_RCC_ClockConfig  stm32f4xx_hal_rcc.o
    0x08001700   0x08001700   0x00000020   Code   RO         1563    i.HAL_RCC_GetPCLK1Freq  stm32f4xx_hal_rcc.o
    0x08001720   0x08001720   0x00000020   Code   RO         1564    i.HAL_RCC_GetPCLK2Freq  stm32f4xx_hal_rcc.o
    0x08001740   0x08001740   0x00000064   Code   RO         1565    i.HAL_RCC_GetSysClockFreq  stm32f4xx_hal_rcc.o
    0x080017a4   0x080017a4   0x0000036c   Code   RO         1568    i.HAL_RCC_OscConfig  stm32f4xx_hal_rcc.o
    0x08001b10   0x08001b10   0x00000028   Code   RO         2313    i.HAL_SYSTICK_Config  stm32f4xx_hal_cortex.o
    0x08001b38   0x08001b38   0x00000002   Code   RO         3866    i.HAL_TIMEx_BreakCallback  stm32f4xx_hal_tim_ex.o
    0x08001b3a   0x08001b3a   0x00000002   Code   RO         3867    i.HAL_TIMEx_CommutCallback  stm32f4xx_hal_tim_ex.o
    0x08001b3c   0x08001b3c   0x00000090   Code   RO         3885    i.HAL_TIMEx_MasterConfigSynchronization  stm32f4xx_hal_tim_ex.o
    0x08001bcc   0x08001bcc   0x0000005a   Code   RO         3162    i.HAL_TIM_Base_Init  stm32f4xx_hal_tim.o
    0x08001c26   0x08001c26   0x00000002   PAD
    0x08001c28   0x08001c28   0x00000144   Code   RO          911    i.HAL_TIM_Base_MspInit  tim.o
    0x08001d6c   0x08001d6c   0x000000dc   Code   RO         3171    i.HAL_TIM_ConfigClockSource  stm32f4xx_hal_tim.o
    0x08001e48   0x08001e48   0x000000a4   Code   RO         3183    i.HAL_TIM_Encoder_Init  stm32f4xx_hal_tim.o
    0x08001eec   0x08001eec   0x000000e4   Code   RO          913    i.HAL_TIM_Encoder_MspInit  tim.o
    0x08001fd0   0x08001fd0   0x0000008e   Code   RO         3186    i.HAL_TIM_Encoder_Start  stm32f4xx_hal_tim.o
    0x0800205e   0x0800205e   0x00000002   Code   RO         3196    i.HAL_TIM_IC_CaptureCallback  stm32f4xx_hal_tim.o
    0x08002060   0x08002060   0x00000124   Code   RO         3198    i.HAL_TIM_IC_ConfigChannel  stm32f4xx_hal_tim.o
    0x08002184   0x08002184   0x0000005a   Code   RO         3201    i.HAL_TIM_IC_Init   stm32f4xx_hal_tim.o
    0x080021de   0x080021de   0x00000002   Code   RO         3203    i.HAL_TIM_IC_MspInit  stm32f4xx_hal_tim.o
    0x080021e0   0x080021e0   0x00000130   Code   RO         3210    i.HAL_TIM_IRQHandler  stm32f4xx_hal_tim.o
    0x08002310   0x08002310   0x000000d8   Code   RO          914    i.HAL_TIM_MspPostInit  tim.o
    0x080023e8   0x080023e8   0x00000002   Code   RO         3213    i.HAL_TIM_OC_DelayElapsedCallback  stm32f4xx_hal_tim.o
    0x080023ea   0x080023ea   0x000000cc   Code   RO         3234    i.HAL_TIM_PWM_ConfigChannel  stm32f4xx_hal_tim.o
    0x080024b6   0x080024b6   0x0000005a   Code   RO         3237    i.HAL_TIM_PWM_Init  stm32f4xx_hal_tim.o
    0x08002510   0x08002510   0x00000002   Code   RO         3239    i.HAL_TIM_PWM_MspInit  stm32f4xx_hal_tim.o
    0x08002512   0x08002512   0x00000002   Code   RO         3240    i.HAL_TIM_PWM_PulseFinishedCallback  stm32f4xx_hal_tim.o
    0x08002514   0x08002514   0x000000c8   Code   RO         3242    i.HAL_TIM_PWM_Start  stm32f4xx_hal_tim.o
    0x080025dc   0x080025dc   0x00000002   Code   RO         3248    i.HAL_TIM_PeriodElapsedCallback  stm32f4xx_hal_tim.o
    0x080025de   0x080025de   0x00000002   Code   RO         3253    i.HAL_TIM_TriggerCallback  stm32f4xx_hal_tim.o
    0x080025e0   0x080025e0   0x00000002   Code   RO         4145    i.HAL_UARTEx_RxEventCallback  stm32f4xx_hal_uart.o
    0x080025e2   0x080025e2   0x00000002   Code   RO         4159    i.HAL_UART_ErrorCallback  stm32f4xx_hal_uart.o
    0x080025e4   0x080025e4   0x00000280   Code   RO         4162    i.HAL_UART_IRQHandler  stm32f4xx_hal_uart.o
    0x08002864   0x08002864   0x00000064   Code   RO         4163    i.HAL_UART_Init     stm32f4xx_hal_uart.o
    0x080028c8   0x080028c8   0x0000025c   Code   RO         1019    i.HAL_UART_MspInit  usart.o
    0x08002b24   0x08002b24   0x0000001c   Code   RO         4168    i.HAL_UART_Receive_IT  stm32f4xx_hal_uart.o
    0x08002b40   0x08002b40   0x00000030   Code   RO         1020    i.HAL_UART_RxCpltCallback  usart.o
    0x08002b70   0x08002b70   0x000000a0   Code   RO         4171    i.HAL_UART_Transmit  stm32f4xx_hal_uart.o
    0x08002c10   0x08002c10   0x00000002   Code   RO         4174    i.HAL_UART_TxCpltCallback  stm32f4xx_hal_uart.o
    0x08002c12   0x08002c12   0x00000002   Code   RO         1095    i.HardFault_Handler  stm32f4xx_it.o
    0x08002c14   0x08002c14   0x0000002e   Code   RO         2759    i.I2C_IsAcknowledgeFailed  stm32f4xx_hal_i2c.o
    0x08002c42   0x08002c42   0x00000002   PAD
    0x08002c44   0x08002c44   0x000000a8   Code   RO         2770    i.I2C_RequestMemoryWrite  stm32f4xx_hal_i2c.o
    0x08002cec   0x08002cec   0x00000056   Code   RO         2774    i.I2C_WaitOnBTFFlagUntilTimeout  stm32f4xx_hal_i2c.o
    0x08002d42   0x08002d42   0x00000002   PAD
    0x08002d44   0x08002d44   0x00000090   Code   RO         2775    i.I2C_WaitOnFlagUntilTimeout  stm32f4xx_hal_i2c.o
    0x08002dd4   0x08002dd4   0x000000bc   Code   RO         2776    i.I2C_WaitOnMasterAddressFlagUntilTimeout  stm32f4xx_hal_i2c.o
    0x08002e90   0x08002e90   0x00000056   Code   RO         2778    i.I2C_WaitOnTXEFlagUntilTimeout  stm32f4xx_hal_i2c.o
    0x08002ee6   0x08002ee6   0x00000002   PAD
    0x08002ee8   0x08002ee8   0x00000064   Code   RO          792    i.MX_ADC3_Init      adc.o
    0x08002f4c   0x08002f4c   0x0000003c   Code   RO          832    i.MX_DMA_Init       dma.o
    0x08002f88   0x08002f88   0x00000144   Code   RO          766    i.MX_GPIO_Init      gpio.o
    0x080030cc   0x080030cc   0x00000040   Code   RO          858    i.MX_I2C1_Init      i2c.o
    0x0800310c   0x0800310c   0x00000040   Code   RO          859    i.MX_I2C2_Init      i2c.o
    0x0800314c   0x0800314c   0x00000040   Code   RO          860    i.MX_I2C3_Init      i2c.o
    0x0800318c   0x0800318c   0x000000a8   Code   RO          915    i.MX_TIM1_Init      tim.o
    0x08003234   0x08003234   0x00000068   Code   RO          916    i.MX_TIM2_Init      tim.o
    0x0800329c   0x0800329c   0x000000c8   Code   RO          917    i.MX_TIM3_Init      tim.o
    0x08003364   0x08003364   0x000000c8   Code   RO          918    i.MX_TIM4_Init      tim.o
    0x0800342c   0x0800342c   0x00000068   Code   RO          919    i.MX_TIM5_Init      tim.o
    0x08003494   0x08003494   0x00000044   Code   RO          920    i.MX_TIM6_Init      tim.o
    0x080034d8   0x080034d8   0x00000044   Code   RO          921    i.MX_TIM7_Init      tim.o
    0x0800351c   0x0800351c   0x0000006c   Code   RO          922    i.MX_TIM8_Init      tim.o
    0x08003588   0x08003588   0x00000090   Code   RO          923    i.MX_TIM9_Init      tim.o
    0x08003618   0x08003618   0x00000038   Code   RO         1021    i.MX_UART4_Init     usart.o
    0x08003650   0x08003650   0x00000038   Code   RO         1022    i.MX_UART5_Init     usart.o
    0x08003688   0x08003688   0x00000038   Code   RO         1023    i.MX_USART1_UART_Init  usart.o
    0x080036c0   0x080036c0   0x00000038   Code   RO         1024    i.MX_USART2_UART_Init  usart.o
    0x080036f8   0x080036f8   0x00000038   Code   RO         1025    i.MX_USART3_UART_Init  usart.o
    0x08003730   0x08003730   0x00000002   Code   RO         1096    i.MemManage_Handler  stm32f4xx_it.o
    0x08003732   0x08003732   0x00000002   PAD
    0x08003734   0x08003734   0x000000c4   Code   RO          379    i.Motor_PI          control.o
    0x080037f8   0x080037f8   0x00000002   Code   RO         1097    i.NMI_Handler       stm32f4xx_it.o
    0x080037fa   0x080037fa   0x00000034   Code   RO           13    i.OLED_Clear        oled.o
    0x0800382e   0x0800382e   0x00000010   Code   RO           16    i.OLED_Init         oled.o
    0x0800383e   0x0800383e   0x00000022   Code   RO           18    i.OLED_Set_Pos      oled.o
    0x08003860   0x08003860   0x00000088   Code   RO           20    i.OLED_ShowChar     oled.o
    0x080038e8   0x080038e8   0x00000036   Code   RO           22    i.OLED_ShowString   oled.o
    0x0800391e   0x0800391e   0x00000002   PAD
    0x08003920   0x08003920   0x00000024   Code   RO           23    i.OLED_WR_CMD       oled.o
    0x08003944   0x08003944   0x00000024   Code   RO           24    i.OLED_WR_DATA      oled.o
    0x08003968   0x08003968   0x00000002   Code   RO         1098    i.PendSV_Handler    stm32f4xx_it.o
    0x0800396a   0x0800396a   0x00000002   Code   RO         1099    i.SVC_Handler       stm32f4xx_it.o
    0x0800396c   0x0800396c   0x00000004   Code   RO         1100    i.SysTick_Handler   stm32f4xx_it.o
    0x08003970   0x08003970   0x00000094   Code   RO          648    i.SystemClock_Config  main.o
    0x08003a04   0x08003a04   0x00000010   Code   RO          240    i.SystemInit        system_stm32f4xx.o
    0x08003a14   0x08003a14   0x0000000c   Code   RO         1101    i.TIM2_IRQHandler   stm32f4xx_it.o
    0x08003a20   0x08003a20   0x0000000c   Code   RO         1102    i.TIM3_IRQHandler   stm32f4xx_it.o
    0x08003a2c   0x08003a2c   0x0000000c   Code   RO         1103    i.TIM4_IRQHandler   stm32f4xx_it.o
    0x08003a38   0x08003a38   0x000000c0   Code   RO         1104    i.TIM5_IRQHandler   stm32f4xx_it.o
    0x08003af8   0x08003af8   0x0000000c   Code   RO         1105    i.TIM7_IRQHandler   stm32f4xx_it.o
    0x08003b04   0x08003b04   0x000000d0   Code   RO         3255    i.TIM_Base_SetConfig  stm32f4xx_hal_tim.o
    0x08003bd4   0x08003bd4   0x0000001a   Code   RO         3256    i.TIM_CCxChannelCmd  stm32f4xx_hal_tim.o
    0x08003bee   0x08003bee   0x00000014   Code   RO         3266    i.TIM_ETR_SetConfig  stm32f4xx_hal_tim.o
    0x08003c02   0x08003c02   0x00000010   Code   RO         3267    i.TIM_ITRx_SetConfig  stm32f4xx_hal_tim.o
    0x08003c12   0x08003c12   0x00000002   PAD
    0x08003c14   0x08003c14   0x00000060   Code   RO         3268    i.TIM_OC1_SetConfig  stm32f4xx_hal_tim.o
    0x08003c74   0x08003c74   0x0000006c   Code   RO         3269    i.TIM_OC2_SetConfig  stm32f4xx_hal_tim.o
    0x08003ce0   0x08003ce0   0x00000068   Code   RO         3270    i.TIM_OC3_SetConfig  stm32f4xx_hal_tim.o
    0x08003d48   0x08003d48   0x00000050   Code   RO         3271    i.TIM_OC4_SetConfig  stm32f4xx_hal_tim.o
    0x08003d98   0x08003d98   0x00000022   Code   RO         3273    i.TIM_TI1_ConfigInputStage  stm32f4xx_hal_tim.o
    0x08003dba   0x08003dba   0x00000002   PAD
    0x08003dbc   0x08003dbc   0x00000080   Code   RO         3274    i.TIM_TI1_SetConfig  stm32f4xx_hal_tim.o
    0x08003e3c   0x08003e3c   0x00000024   Code   RO         3275    i.TIM_TI2_ConfigInputStage  stm32f4xx_hal_tim.o
    0x08003e60   0x08003e60   0x00000036   Code   RO         3276    i.TIM_TI2_SetConfig  stm32f4xx_hal_tim.o
    0x08003e96   0x08003e96   0x00000002   PAD
    0x08003e98   0x08003e98   0x00000098   Code   RO         1106    i.UART4_IRQHandler  stm32f4xx_it.o
    0x08003f30   0x08003f30   0x0000000c   Code   RO         1107    i.UART5_IRQHandler  stm32f4xx_it.o
    0x08003f3c   0x08003f3c   0x0000000e   Code   RO         4176    i.UART_DMAAbortOnError  stm32f4xx_hal_uart.o
    0x08003f4a   0x08003f4a   0x0000004e   Code   RO         4186    i.UART_EndRxTransfer  stm32f4xx_hal_uart.o
    0x08003f98   0x08003f98   0x000000c2   Code   RO         4188    i.UART_Receive_IT   stm32f4xx_hal_uart.o
    0x0800405a   0x0800405a   0x00000002   PAD
    0x0800405c   0x0800405c   0x0000010c   Code   RO         4189    i.UART_SetConfig    stm32f4xx_hal_uart.o
    0x08004168   0x08004168   0x00000036   Code   RO         4191    i.UART_Start_Receive_IT  stm32f4xx_hal_uart.o
    0x0800419e   0x0800419e   0x00000072   Code   RO         4192    i.UART_WaitOnFlagUntilTimeout  stm32f4xx_hal_uart.o
    0x08004210   0x08004210   0x00000130   Code   RO         1108    i.USART1_IRQHandler  stm32f4xx_it.o
    0x08004340   0x08004340   0x0000000c   Code   RO         1109    i.USART2_IRQHandler  stm32f4xx_it.o
    0x0800434c   0x0800434c   0x0000000c   Code   RO         1110    i.USART3_IRQHandler  stm32f4xx_it.o
    0x08004358   0x08004358   0x00000002   Code   RO         1111    i.UsageFault_Handler  stm32f4xx_it.o
    0x0800435a   0x0800435a   0x00000002   PAD
    0x0800435c   0x0800435c   0x00000034   Code   RO           25    i.WriteCmd          oled.o
    0x08004390   0x08004390   0x00000020   Code   RO         4733    i.__0printf         mc_w.l(printfa.o)
    0x080043b0   0x080043b0   0x00000020   Code   RO         2315    i.__NVIC_SetPriority  stm32f4xx_hal_cortex.o
    0x080043d0   0x080043d0   0x0000000e   Code   RO         4803    i.__scatterload_copy  mc_w.l(handlers.o)
    0x080043de   0x080043de   0x00000002   Code   RO         4804    i.__scatterload_null  mc_w.l(handlers.o)
    0x080043e0   0x080043e0   0x0000000e   Code   RO         4805    i.__scatterload_zeroinit  mc_w.l(handlers.o)
    0x080043ee   0x080043ee   0x00000002   PAD
    0x080043f0   0x080043f0   0x00000184   Code   RO         4740    i._fp_digits        mc_w.l(printfa.o)
    0x08004574   0x08004574   0x000006dc   Code   RO         4741    i._printf_core      mc_w.l(printfa.o)
    0x08004c50   0x08004c50   0x00000024   Code   RO         4742    i._printf_post_padding  mc_w.l(printfa.o)
    0x08004c74   0x08004c74   0x0000002e   Code   RO         4743    i._printf_pre_padding  mc_w.l(printfa.o)
    0x08004ca2   0x08004ca2   0x00000002   PAD
    0x08004ca4   0x08004ca4   0x00000034   Code   RO          382    i.angle_difference  control.o
    0x08004cd8   0x08004cd8   0x00000018   Code   RO          650    i.bytes_to_float    main.o
    0x08004cf0   0x08004cf0   0x00000018   Code   RO          653    i.fputc             main.o
    0x08004d08   0x08004d08   0x0000002a   Code   RO          385    i.limit             control.o
    0x08004d32   0x08004d32   0x00000002   PAD
    0x08004d34   0x08004d34   0x00000190   Code   RO          654    i.main              main.o
    0x08004ec4   0x08004ec4   0x00000080   Code   RO          386    i.motor             control.o
    0x08004f44   0x08004f44   0x00000034   Code   RO          387    i.motor_motion      control.o
    0x08004f78   0x08004f78   0x00000044   Code   RO          388    i.read              control.o
    0x08004fbc   0x08004fbc   0x0000000c   Code   RO          389    i.read_speed        control.o
    0x08004fc8   0x08004fc8   0x000000ec   Code   RO          602    i.uart3_read_data   jy901s.o
    0x080050b4   0x080050b4   0x000009c8   Data   RO           27    .constdata          oled.o
    0x08005a7c   0x08005a7c   0x00000010   Data   RO          241    .constdata          system_stm32f4xx.o
    0x08005a8c   0x08005a8c   0x00000008   Data   RO          242    .constdata          system_stm32f4xx.o
    0x08005a94   0x08005a94   0x00000008   Data   RO         2029    .constdata          stm32f4xx_hal_dma.o
    0x08005a9c   0x08005a9c   0x00000020   Data   RO         4801    Region$$Table       anon$$obj.o


    Execution Region RW_IRAM1 (Exec base: 0x20000000, Load base: 0x08005abc, Size: 0x00000d10, Max: 0x0001c000, ABSOLUTE)

    Exec Addr    Load Addr    Size         Type   Attr      Idx    E Section Name        Object

    0x20000000   0x08005abc   0x0000001b   Data   RW           28    .data               oled.o
    0x2000001b   0x08005ad7   0x00000001   PAD
    0x2000001c   0x08005ad8   0x00000004   Data   RW          243    .data               system_stm32f4xx.o
    0x20000020   0x08005adc   0x00000038   Data   RW          390    .data               control.o
    0x20000058   0x08005b14   0x00000054   Data   RW          608    .data               jy901s.o
    0x200000ac   0x08005b68   0x00000001   Data   RW          658    .data               main.o
    0x200000ad   0x08005b69   0x00000001   Data   RW          660    .data               main.o
    0x200000ae   0x08005b6a   0x00000002   PAD
    0x200000b0   0x08005b6c   0x00000018   Data   RW          661    .data               main.o
    0x200000c8   0x08005b84   0x00000004   Data   RW          662    .data               main.o
    0x200000cc   0x08005b88   0x00000004   Data   RW          663    .data               main.o
    0x200000d0   0x08005b8c   0x00000004   Data   RW          664    .data               main.o
    0x200000d4   0x08005b90   0x00000004   Data   RW          665    .data               main.o
    0x200000d8   0x08005b94   0x00000004   Data   RW          666    .data               main.o
    0x200000dc   0x08005b98   0x00000004   Data   RW          678    .data               main.o
    0x200000e0   0x08005b9c   0x00000004   Data   RW          679    .data               main.o
    0x200000e4   0x08005ba0   0x00000001   Data   RW          680    .data               main.o
    0x200000e5   0x08005ba1   0x00000003   PAD
    0x200000e8   0x08005ba4   0x00000004   Data   RW          685    .data               main.o
    0x200000ec   0x08005ba8   0x00000008   Data   RW          687    .data               main.o
    0x200000f4   0x08005bb0   0x00000001   Data   RW         1027    .data               usart.o
    0x200000f5   0x08005bb1   0x00000003   PAD
    0x200000f8   0x08005bb4   0x00000014   Data   RW         1114    .data               stm32f4xx_it.o
    0x2000010c   0x08005bc8   0x0000000c   Data   RW         2474    .data               stm32f4xx_hal.o
    0x20000118   0x08005bd4   0x00000004   Data   RW         4777    .data               mc_w.l(stdout.o)
    0x2000011c        -       0x00000200   Zero   RW          603    .bss                jy901s.o
    0x2000031c        -       0x00000048   Zero   RW          793    .bss                adc.o
    0x20000364        -       0x000000fc   Zero   RW          861    .bss                i2c.o
    0x20000460        -       0x00000288   Zero   RW          924    .bss                tim.o
    0x200006e8        -       0x00000228   Zero   RW         1026    .bss                usart.o
    0x20000910        -       0x00000400   Zero   RW            1    STACK               startup_stm32f407xx.o


    Execution Region RW_IRAM2 (Exec base: 0x2001c000, Load base: 0x08005bd8, Size: 0x00000000, Max: 0x00004000, ABSOLUTE)

    **** No section assigned to this execution region ****


==============================================================================

Image component sizes


      Code (inc. data)   RO Data    RW Data    ZI Data      Debug   Object Name

       196         26          0          0         72       1681   adc.o
       642        100          0         56          0      11315   control.o
        60          4          0          0          0        770   dma.o
       324         22          0          0          0       1151   gpio.o
       472         76          0          0        252       3043   i2c.o
       236         20          0         84        512       2006   jy901s.o
       600         84          0         67          0       5301   main.o
       416         28       2504         27          0     717573   oled.o
        36          8        392          0       1024        828   startup_stm32f407xx.o
       180         28          0         12          0       9357   stm32f4xx_hal.o
       712         28          0          0          0       2851   stm32f4xx_hal_adc.o
       198         14          0          0          0      33783   stm32f4xx_hal_cortex.o
       934         16          8          0          0       5575   stm32f4xx_hal_dma.o
       506         46          0          0          0       2176   stm32f4xx_hal_gpio.o
      1414         32          0          0          0       9571   stm32f4xx_hal_i2c.o
        48          6          0          0          0        846   stm32f4xx_hal_msp.o
      1348         76          0          0          0       5224   stm32f4xx_hal_rcc.o
      2720        136          0          0          0      22663   stm32f4xx_hal_tim.o
       148         28          0          0          0       2465   stm32f4xx_hal_tim_ex.o
      1656         14          0          0          0      11340   stm32f4xx_hal_uart.o
       776        160          0         20          0      11571   stm32f4xx_it.o
        16          4         24          4          0     709755   system_stm32f4xx.o
      1932        168          0          0        648       9134   tim.o
       932         98          0          1        552       5305   usart.o

    ----------------------------------------------------------------------
     16538       1222       2960        280       3060    1585284   Object Totals
         0          0         32          0          0          0   (incl. Generated)
        36          0          0          9          0          0   (incl. Padding)

    ----------------------------------------------------------------------

      Code (inc. data)   RO Data    RW Data    ZI Data      Debug   Library Member Name

         0          0          0          0          0          0   entry.o
         0          0          0          0          0          0   entry10a.o
         0          0          0          0          0          0   entry11a.o
         8          4          0          0          0          0   entry2.o
         4          0          0          0          0          0   entry5.o
         0          0          0          0          0          0   entry7b.o
         0          0          0          0          0          0   entry8b.o
         8          4          0          0          0          0   entry9a.o
        30          0          0          0          0          0   handlers.o
        36          8          0          0          0         68   init.o
         0          0          0          0          0          0   iusefp.o
        30          0          0          0          0         68   llshl.o
        36          0          0          0          0         68   llsshr.o
        32          0          0          0          0         68   llushr.o
        36          0          0          0          0        108   memseta.o
      2258         90          0          0          0        452   printfa.o
         0          0          0          4          0          0   stdout.o
        44          0          0          0          0         80   uidiv.o
        98          0          0          0          0         92   uldiv.o
        48          0          0          0          0         68   cdrcmple.o
       334          0          0          0          0        148   dadd.o
       222          0          0          0          0        100   ddiv.o
       186          0          0          0          0        176   depilogue.o
        48          0          0          0          0         68   dfixul.o
       228          0          0          0          0         96   dmul.o
        38          0          0          0          0         68   f2d.o

    ----------------------------------------------------------------------
      3730        106          0          4          0       1728   Library Totals
         6          0          0          0          0          0   (incl. Padding)

    ----------------------------------------------------------------------

      Code (inc. data)   RO Data    RW Data    ZI Data      Debug   Library Name

      2620        106          0          4          0       1004   mc_w.l
      1104          0          0          0          0        724   mf_w.l

    ----------------------------------------------------------------------
      3730        106          0          4          0       1728   Library Totals

    ----------------------------------------------------------------------

==============================================================================


      Code (inc. data)   RO Data    RW Data    ZI Data      Debug   

     20268       1328       2960        284       3060    1572384   Grand Totals
     20268       1328       2960        284       3060    1572384   ELF Image Totals
     20268       1328       2960        284          0          0   ROM Totals

==============================================================================

    Total RO  Size (Code + RO Data)                23228 (  22.68kB)
    Total RW  Size (RW Data + ZI Data)              3344 (   3.27kB)
    Total ROM Size (Code + RO Data + RW Data)      23512 (  22.96kB)

==============================================================================

